Component: Arm Compiler for Embedded 6.19 Tool: armlink [5e73cb00]

==============================================================================

Section Cross References

    main.o(.text.main) refers to clocksettings.o(.text.SystemClockTick_Configure) for SystemClockTick_Configure
    main.o(.text.main) refers to tsi.o(.text.TSI_init) for TSI_init
    main.o(.text.main) refers to uart.o(.text.UART0_Init) for UART0_Init
    main.o(.text.main) refers to adc.o(.text.ADC0_Init) for ADC0_Init
    main.o(.text.main) refers to gpio.o(.text.ledInit) for ledInit
    main.o(.text.main) refers to pit.o(.text.pitInit) for pitInit
    main.o(.text.main) refers to pwm.o(.text.TPM2_Init) for TPM2_Init
    main.o(.text.main) refers to pwm.o(.text.Signal_Control) for Signal_Control
    main.o(.text.main) refers to fflti.o(.text) for __aeabi_i2f
    main.o(.text.main) refers to fmul.o(x$fpl$fmul) for __aeabi_fmul
    main.o(.text.main) refers to fdiv.o(.text) for __aeabi_fdiv
    main.o(.text.main) refers to ffixi.o(.text) for __aeabi_f2iz
    main.o(.text.main) refers to aeabi_sdiv.o(.text) for __aeabi_uidivmod
    main.o(.text.main) refers to uart.o(.text.UART0_Transmit) for UART0_Transmit
    main.o(.text.main) refers to uart.o(.data.START_flag) for START_flag
    main.o(.text.main) refers to clocksettings.o(.bss.flag_50ms) for flag_50ms
    main.o(.text.main) refers to adc.o(.bss.flag) for flag
    main.o(.text.main) refers to adc.o(.bss.analog_input) for analog_input
    main.o(.ARM.exidx.text.main) refers to main.o(.text.main) for [Anonymous Symbol]
    gpio.o(.ARM.exidx.text.ledInit) refers to gpio.o(.text.ledInit) for [Anonymous Symbol]
    pit.o(.text.pitInit) refers to pit.o(.text.__NVIC_ClearPendingIRQ) for __NVIC_ClearPendingIRQ
    pit.o(.text.pitInit) refers to pit.o(.text.__NVIC_SetPriority) for __NVIC_SetPriority
    pit.o(.text.pitInit) refers to pit.o(.text.__NVIC_EnableIRQ) for __NVIC_EnableIRQ
    pit.o(.text.pitInit) refers to pit.o(.bss.state) for [Anonymous Symbol]
    pit.o(.ARM.exidx.text.pitInit) refers to pit.o(.text.pitInit) for [Anonymous Symbol]
    pit.o(.ARM.exidx.text.__NVIC_ClearPendingIRQ) refers to pit.o(.text.__NVIC_ClearPendingIRQ) for [Anonymous Symbol]
    pit.o(.ARM.exidx.text.__NVIC_SetPriority) refers to pit.o(.text.__NVIC_SetPriority) for [Anonymous Symbol]
    pit.o(.ARM.exidx.text.__NVIC_EnableIRQ) refers to pit.o(.text.__NVIC_EnableIRQ) for [Anonymous Symbol]
    pit.o(.text.PIT_IRQHandler) refers to uart.o(.data.START_flag) for START_flag
    pit.o(.text.PIT_IRQHandler) refers to uart.o(.data.DIRECTION_flag) for DIRECTION_flag
    pit.o(.text.PIT_IRQHandler) refers to pit.o(.bss.state) for [Anonymous Symbol]
    pit.o(.ARM.exidx.text.PIT_IRQHandler) refers to pit.o(.text.PIT_IRQHandler) for [Anonymous Symbol]
    adc.o(.text.ADC0_Init) refers to adc.o(.text.ADC0_Calibrate) for ADC0_Calibrate
    adc.o(.text.ADC0_Init) refers to adc.o(.text.__NVIC_ClearPendingIRQ) for __NVIC_ClearPendingIRQ
    adc.o(.text.ADC0_Init) refers to adc.o(.text.__NVIC_EnableIRQ) for __NVIC_EnableIRQ
    adc.o(.ARM.exidx.text.ADC0_Init) refers to adc.o(.text.ADC0_Init) for [Anonymous Symbol]
    adc.o(.ARM.exidx.text.ADC0_Calibrate) refers to adc.o(.text.ADC0_Calibrate) for [Anonymous Symbol]
    adc.o(.ARM.exidx.text.__NVIC_ClearPendingIRQ) refers to adc.o(.text.__NVIC_ClearPendingIRQ) for [Anonymous Symbol]
    adc.o(.ARM.exidx.text.__NVIC_EnableIRQ) refers to adc.o(.text.__NVIC_EnableIRQ) for [Anonymous Symbol]
    adc.o(.text.ADC0_IRQHandler) refers to adc.o(.bss.analog_input) for analog_input
    adc.o(.text.ADC0_IRQHandler) refers to adc.o(.bss.flag) for flag
    adc.o(.ARM.exidx.text.ADC0_IRQHandler) refers to adc.o(.text.ADC0_IRQHandler) for [Anonymous Symbol]
    uart.o(.ARM.exidx.text.UART0_Transmit) refers to uart.o(.text.UART0_Transmit) for [Anonymous Symbol]
    uart.o(.ARM.exidx.text.UART0_Receive) refers to uart.o(.text.UART0_Receive) for [Anonymous Symbol]
    uart.o(.text.UART0_Init) refers to aeabi_sdiv.o(.text) for __aeabi_uidiv
    uart.o(.text.UART0_Init) refers to uart.o(.text.__NVIC_EnableIRQ) for __NVIC_EnableIRQ
    uart.o(.ARM.exidx.text.UART0_Init) refers to uart.o(.text.UART0_Init) for [Anonymous Symbol]
    uart.o(.ARM.exidx.text.__NVIC_EnableIRQ) refers to uart.o(.text.__NVIC_EnableIRQ) for [Anonymous Symbol]
    uart.o(.text.UART0_IRQHandler) refers to main.o(.data.c) for c
    uart.o(.text.UART0_IRQHandler) refers to uart.o(.data.DIRECTION_flag) for DIRECTION_flag
    uart.o(.text.UART0_IRQHandler) refers to uart.o(.data.START_flag) for START_flag
    uart.o(.ARM.exidx.text.UART0_IRQHandler) refers to uart.o(.text.UART0_IRQHandler) for [Anonymous Symbol]
    pwm.o(.ARM.exidx.text.TPM2_Init) refers to pwm.o(.text.TPM2_Init) for [Anonymous Symbol]
    pwm.o(.text.Signal_Control) refers to aeabi_sdiv.o(.text) for __aeabi_uidiv
    pwm.o(.text.Signal_Control) refers to main.o(.bss.avg) for avg
    pwm.o(.text.Signal_Control) refers to pwm.o(.data.Signal_Control.increasing) for [Anonymous Symbol]
    pwm.o(.text.Signal_Control) refers to pwm.o(.bss.Signal_Control.duty_cycle) for [Anonymous Symbol]
    pwm.o(.ARM.exidx.text.Signal_Control) refers to pwm.o(.text.Signal_Control) for [Anonymous Symbol]
    clocksettings.o(.ARM.exidx.text.SystemClock_Configure) refers to clocksettings.o(.text.SystemClock_Configure) for [Anonymous Symbol]
    clocksettings.o(.text.SystemClockTick_Configure) refers to clocksettings.o(.text.__NVIC_SetPriority) for __NVIC_SetPriority
    clocksettings.o(.ARM.exidx.text.SystemClockTick_Configure) refers to clocksettings.o(.text.SystemClockTick_Configure) for [Anonymous Symbol]
    clocksettings.o(.ARM.exidx.text.__NVIC_SetPriority) refers to clocksettings.o(.text.__NVIC_SetPriority) for [Anonymous Symbol]
    clocksettings.o(.text.SysTick_Handler) refers to clocksettings.o(.bss.base_tick) for [Anonymous Symbol]
    clocksettings.o(.text.SysTick_Handler) refers to clocksettings.o(.bss.flag_50ms) for flag_50ms
    clocksettings.o(.text.SysTick_Handler) refers to clocksettings.o(.bss.tick_50ms) for [Anonymous Symbol]
    clocksettings.o(.text.SysTick_Handler) refers to clocksettings.o(.bss.flag_100ms) for flag_100ms
    clocksettings.o(.text.SysTick_Handler) refers to clocksettings.o(.bss.tick_100ms) for [Anonymous Symbol]
    clocksettings.o(.text.SysTick_Handler) refers to clocksettings.o(.bss.flag_500ms) for flag_500ms
    clocksettings.o(.text.SysTick_Handler) refers to clocksettings.o(.bss.tick_500ms) for [Anonymous Symbol]
    clocksettings.o(.text.SysTick_Handler) refers to clocksettings.o(.bss.flag_1s) for flag_1s
    clocksettings.o(.text.SysTick_Handler) refers to clocksettings.o(.bss.tick_1s) for [Anonymous Symbol]
    clocksettings.o(.text.SysTick_Handler) refers to clocksettings.o(.bss.flag_5s) for flag_5s
    clocksettings.o(.ARM.exidx.text.SysTick_Handler) refers to clocksettings.o(.text.SysTick_Handler) for [Anonymous Symbol]
    tsi.o(.ARM.exidx.text.selectChannel) refers to tsi.o(.text.selectChannel) for [Anonymous Symbol]
    tsi.o(.text.scan) refers to tsi.o(.text.selectChannel) for selectChannel
    tsi.o(.ARM.exidx.text.scan) refers to tsi.o(.text.scan) for [Anonymous Symbol]
    tsi.o(.text.TSI_init) refers to tsi.o(.text.__NVIC_EnableIRQ) for __NVIC_EnableIRQ
    tsi.o(.text.TSI_init) refers to tsi.o(.text.__NVIC_SetPriority) for __NVIC_SetPriority
    tsi.o(.text.TSI_init) refers to tsi.o(.text.scan) for scan
    tsi.o(.ARM.exidx.text.TSI_init) refers to tsi.o(.text.TSI_init) for [Anonymous Symbol]
    tsi.o(.ARM.exidx.text.__NVIC_EnableIRQ) refers to tsi.o(.text.__NVIC_EnableIRQ) for [Anonymous Symbol]
    tsi.o(.ARM.exidx.text.__NVIC_SetPriority) refers to tsi.o(.text.__NVIC_SetPriority) for [Anonymous Symbol]
    tsi.o(.text.TSI_update) refers to tsi.o(.text.scan) for scan
    tsi.o(.ARM.exidx.text.TSI_update) refers to tsi.o(.text.TSI_update) for [Anonymous Symbol]
    tsi.o(.text.TSI0_IRQHandler) refers to aeabi_sdiv.o(.text) for __aeabi_uidiv
    tsi.o(.text.TSI0_IRQHandler) refers to tsi.o(.text.scan) for scan
    tsi.o(.text.TSI0_IRQHandler) refers to main.o(.bss.TSI_Readings) for TSI_Readings
    tsi.o(.text.TSI0_IRQHandler) refers to tsi.o(.bss.sum) for [Anonymous Symbol]
    tsi.o(.text.TSI0_IRQHandler) refers to tsi.o(.bss.count) for [Anonymous Symbol]
    tsi.o(.text.TSI0_IRQHandler) refers to main.o(.bss.avg) for avg
    tsi.o(.ARM.exidx.text.TSI0_IRQHandler) refers to tsi.o(.text.TSI0_IRQHandler) for [Anonymous Symbol]
    startup_mkl25z4.o(STACK) refers (Special) to heapauxi.o(.text) for __use_two_region_memory
    startup_mkl25z4.o(HEAP) refers (Special) to heapauxi.o(.text) for __use_two_region_memory
    startup_mkl25z4.o(RESET) refers (Special) to heapauxi.o(.text) for __use_two_region_memory
    startup_mkl25z4.o(RESET) refers to startup_mkl25z4.o(STACK) for __initial_sp
    startup_mkl25z4.o(RESET) refers to startup_mkl25z4.o(.text) for Reset_Handler
    startup_mkl25z4.o(RESET) refers to clocksettings.o(.text.SysTick_Handler) for SysTick_Handler
    startup_mkl25z4.o(RESET) refers to uart.o(.text.UART0_IRQHandler) for UART0_IRQHandler
    startup_mkl25z4.o(RESET) refers to adc.o(.text.ADC0_IRQHandler) for ADC0_IRQHandler
    startup_mkl25z4.o(RESET) refers to pit.o(.text.PIT_IRQHandler) for PIT_IRQHandler
    startup_mkl25z4.o(RESET) refers to tsi.o(.text.TSI0_IRQHandler) for TSI0_IRQHandler
    startup_mkl25z4.o(.ARM.__at_0x400) refers (Special) to heapauxi.o(.text) for __use_two_region_memory
    startup_mkl25z4.o(.text) refers (Special) to heapauxi.o(.text) for __use_two_region_memory
    startup_mkl25z4.o(.text) refers to system_mkl25z4.o(.text.SystemInit) for SystemInit
    startup_mkl25z4.o(.text) refers to __main.o(!!!main) for __main
    startup_mkl25z4.o(.text) refers to startup_mkl25z4.o(HEAP) for Heap_Mem
    startup_mkl25z4.o(.text) refers to startup_mkl25z4.o(STACK) for Stack_Mem
    system_mkl25z4.o(.ARM.exidx.text.SystemInit) refers to system_mkl25z4.o(.text.SystemInit) for [Anonymous Symbol]
    system_mkl25z4.o(.text.SystemCoreClockUpdate) refers to aeabi_sdiv.o(.text) for __aeabi_uidiv
    system_mkl25z4.o(.text.SystemCoreClockUpdate) refers to system_mkl25z4.o(.data.SystemCoreClock) for SystemCoreClock
    system_mkl25z4.o(.ARM.exidx.text.SystemCoreClockUpdate) refers to system_mkl25z4.o(.text.SystemCoreClockUpdate) for [Anonymous Symbol]
    __main.o(!!!main) refers to __rtentry.o(.ARM.Collect$$rtentry$$00000000) for __rt_entry
    fdiv.o(.text) refers (Special) to usenofp.o(x$fpl$usenofp) for __I$use$fp
    fdiv.o(.text) refers to fdiv.o(.constdata) for .constdata
    fdiv.o(.constdata) refers (Special) to usenofp.o(x$fpl$usenofp) for __I$use$fp
    ffixi.o(.text) refers (Special) to usenofp.o(x$fpl$usenofp) for __I$use$fp
    fflti.o(.text) refers (Special) to usenofp.o(x$fpl$usenofp) for __I$use$fp
    fmul.o(x$fpl$fmul) refers (Special) to usenofp.o(x$fpl$usenofp) for __I$use$fp
    __rtentry.o(.ARM.Collect$$rtentry$$00000000) refers (Special) to __rtentry2.o(.ARM.Collect$$rtentry$$0000000A) for __rt_entry_li
    __rtentry.o(.ARM.Collect$$rtentry$$00000000) refers (Special) to __rtentry2.o(.ARM.Collect$$rtentry$$0000000D) for __rt_entry_main
    __rtentry.o(.ARM.Collect$$rtentry$$00000000) refers (Special) to __rtentry2.o(.ARM.Collect$$rtentry$$0000000C) for __rt_entry_postli_1
    __rtentry.o(.ARM.Collect$$rtentry$$00000000) refers (Special) to __rtentry2.o(.ARM.Collect$$rtentry$$00000009) for __rt_entry_postsh_1
    __rtentry.o(.ARM.Collect$$rtentry$$00000000) refers (Special) to __rtentry2.o(.ARM.Collect$$rtentry$$00000002) for __rt_entry_presh_1
    __rtentry.o(.ARM.Collect$$rtentry$$00000000) refers (Special) to __rtentry4.o(.ARM.Collect$$rtentry$$00000004) for __rt_entry_sh
    aeabi_idiv0_sigfpe.o(.text) refers to rt_div0.o(.text) for __rt_div0
    __rtentry2.o(.ARM.Collect$$rtentry$$00000008) refers to boardinit2.o(.text) for _platform_post_stackheap_init
    __rtentry2.o(.ARM.Collect$$rtentry$$0000000A) refers to libinit.o(.ARM.Collect$$libinit$$00000000) for __rt_lib_init
    __rtentry2.o(.ARM.Collect$$rtentry$$0000000B) refers to boardinit3.o(.text) for _platform_post_lib_init
    __rtentry2.o(.ARM.Collect$$rtentry$$0000000D) refers to main.o(.text.main) for main
    __rtentry2.o(.ARM.Collect$$rtentry$$0000000D) refers to exit.o(.text) for exit
    __rtentry2.o(.ARM.exidx) refers to __rtentry2.o(.ARM.Collect$$rtentry$$00000001) for .ARM.Collect$$rtentry$$00000001
    __rtentry2.o(.ARM.exidx) refers to __rtentry2.o(.ARM.Collect$$rtentry$$00000008) for .ARM.Collect$$rtentry$$00000008
    __rtentry2.o(.ARM.exidx) refers to __rtentry2.o(.ARM.Collect$$rtentry$$0000000A) for .ARM.Collect$$rtentry$$0000000A
    __rtentry2.o(.ARM.exidx) refers to __rtentry2.o(.ARM.Collect$$rtentry$$0000000B) for .ARM.Collect$$rtentry$$0000000B
    __rtentry2.o(.ARM.exidx) refers to __rtentry2.o(.ARM.Collect$$rtentry$$0000000D) for .ARM.Collect$$rtentry$$0000000D
    __rtentry4.o(.ARM.Collect$$rtentry$$00000004) refers to sys_stackheap_outer.o(.text) for __user_setup_stackheap
    __rtentry4.o(.ARM.exidx) refers to __rtentry4.o(.ARM.Collect$$rtentry$$00000004) for .ARM.Collect$$rtentry$$00000004
    rt_div0.o(.text) refers to defsig_fpe_outer.o(.text) for __rt_SIGFPE
    sys_stackheap_outer.o(.text) refers to libspace.o(.text) for __user_perproc_libspace
    sys_stackheap_outer.o(.text) refers to startup_mkl25z4.o(.text) for __user_initial_stackheap
    sys_stackheap_outer.o(__vectab_stack_and_reset_area) refers to tempstk.o(.text) for __temporary_stack_top
    sys_stackheap_outer.o(__vectab_stack_and_reset_area) refers to __main.o(!!!main) for __main
    exit.o(.text) refers to rtexit.o(.ARM.Collect$$rtexit$$00000000) for __rt_exit
    defsig_fpe_outer.o(.text) refers to defsig_fpe_inner.o(.text) for __rt_SIGFPE_inner
    defsig_fpe_outer.o(.text) refers to defsig_exit.o(.text) for __sig_exit
    defsig_fpe_formal.o(.text) refers to rt_raise.o(.text) for __rt_raise
    libinit.o(.ARM.Collect$$libinit$$00000000) refers (Special) to libinit2.o(.ARM.Collect$$libinit$$00000030) for __rt_lib_init_alloca_1
    libinit.o(.ARM.Collect$$libinit$$00000000) refers (Special) to libinit2.o(.ARM.Collect$$libinit$$0000002E) for __rt_lib_init_argv_1
    libinit.o(.ARM.Collect$$libinit$$00000000) refers (Special) to libinit2.o(.ARM.Collect$$libinit$$0000001D) for __rt_lib_init_atexit_1
    libinit.o(.ARM.Collect$$libinit$$00000000) refers (Special) to libinit2.o(.ARM.Collect$$libinit$$00000023) for __rt_lib_init_clock_1
    libinit.o(.ARM.Collect$$libinit$$00000000) refers (Special) to libinit2.o(.ARM.Collect$$libinit$$00000034) for __rt_lib_init_cpp_1
    libinit.o(.ARM.Collect$$libinit$$00000000) refers (Special) to libinit2.o(.ARM.Collect$$libinit$$00000032) for __rt_lib_init_exceptions_1
    libinit.o(.ARM.Collect$$libinit$$00000000) refers (Special) to libinit2.o(.ARM.Collect$$libinit$$00000002) for __rt_lib_init_fp_1
    libinit.o(.ARM.Collect$$libinit$$00000000) refers (Special) to libinit2.o(.ARM.Collect$$libinit$$00000021) for __rt_lib_init_fp_trap_1
    libinit.o(.ARM.Collect$$libinit$$00000000) refers (Special) to libinit2.o(.ARM.Collect$$libinit$$00000025) for __rt_lib_init_getenv_1
    libinit.o(.ARM.Collect$$libinit$$00000000) refers (Special) to libinit2.o(.ARM.Collect$$libinit$$0000000C) for __rt_lib_init_heap_1
    libinit.o(.ARM.Collect$$libinit$$00000000) refers (Special) to libinit2.o(.ARM.Collect$$libinit$$00000013) for __rt_lib_init_lc_collate_1
    libinit.o(.ARM.Collect$$libinit$$00000000) refers (Special) to libinit2.o(.ARM.Collect$$libinit$$00000015) for __rt_lib_init_lc_ctype_1
    libinit.o(.ARM.Collect$$libinit$$00000000) refers (Special) to libinit2.o(.ARM.Collect$$libinit$$00000017) for __rt_lib_init_lc_monetary_1
    libinit.o(.ARM.Collect$$libinit$$00000000) refers (Special) to libinit2.o(.ARM.Collect$$libinit$$00000019) for __rt_lib_init_lc_numeric_1
    libinit.o(.ARM.Collect$$libinit$$00000000) refers (Special) to libinit2.o(.ARM.Collect$$libinit$$0000001B) for __rt_lib_init_lc_time_1
    libinit.o(.ARM.Collect$$libinit$$00000000) refers (Special) to libinit2.o(.ARM.Collect$$libinit$$00000006) for __rt_lib_init_preinit_1
    libinit.o(.ARM.Collect$$libinit$$00000000) refers (Special) to libinit2.o(.ARM.Collect$$libinit$$00000010) for __rt_lib_init_rand_1
    libinit.o(.ARM.Collect$$libinit$$00000000) refers (Special) to libinit2.o(.ARM.Collect$$libinit$$00000004) for __rt_lib_init_relocate_pie_1
    libinit.o(.ARM.Collect$$libinit$$00000000) refers (Special) to libinit2.o(.ARM.Collect$$libinit$$00000035) for __rt_lib_init_return
    libinit.o(.ARM.Collect$$libinit$$00000000) refers (Special) to libinit2.o(.ARM.Collect$$libinit$$0000001F) for __rt_lib_init_signal_1
    libinit.o(.ARM.Collect$$libinit$$00000000) refers (Special) to libinit2.o(.ARM.Collect$$libinit$$00000027) for __rt_lib_init_stdio_1
    libinit.o(.ARM.Collect$$libinit$$00000000) refers (Special) to libinit2.o(.ARM.Collect$$libinit$$0000000E) for __rt_lib_init_user_alloc_1
    libspace.o(.text) refers to libspace.o(.bss) for __libspace_start
    rtexit.o(.ARM.Collect$$rtexit$$00000000) refers (Special) to rtexit2.o(.ARM.Collect$$rtexit$$00000004) for __rt_exit_exit
    rtexit.o(.ARM.Collect$$rtexit$$00000000) refers (Special) to rtexit2.o(.ARM.Collect$$rtexit$$00000003) for __rt_exit_ls
    rtexit.o(.ARM.Collect$$rtexit$$00000000) refers (Special) to rtexit2.o(.ARM.Collect$$rtexit$$00000002) for __rt_exit_prels_1
    rtexit.o(.ARM.exidx) refers (Special) to rtexit2.o(.ARM.Collect$$rtexit$$00000004) for __rt_exit_exit
    rtexit.o(.ARM.exidx) refers (Special) to rtexit2.o(.ARM.Collect$$rtexit$$00000003) for __rt_exit_ls
    rtexit.o(.ARM.exidx) refers (Special) to rtexit2.o(.ARM.Collect$$rtexit$$00000002) for __rt_exit_prels_1
    rtexit.o(.ARM.exidx) refers to rtexit.o(.ARM.Collect$$rtexit$$00000000) for .ARM.Collect$$rtexit$$00000000
    rt_raise.o(.text) refers to __raise.o(.text) for __raise
    rt_raise.o(.text) refers to sys_exit.o(.text) for _sys_exit
    defsig_exit.o(.text) refers to sys_exit.o(.text) for _sys_exit
    defsig_fpe_inner.o(.text) refers to defsig_general.o(.text) for __default_signal_display
    libinit2.o(.ARM.Collect$$libinit$$00000012) refers to libinit2.o(.ARM.Collect$$libinit$$00000011) for .ARM.Collect$$libinit$$00000011
    libinit2.o(.ARM.Collect$$libinit$$00000014) refers to libinit2.o(.ARM.Collect$$libinit$$00000011) for .ARM.Collect$$libinit$$00000011
    libinit2.o(.ARM.Collect$$libinit$$00000016) refers to libinit2.o(.ARM.Collect$$libinit$$00000011) for .ARM.Collect$$libinit$$00000011
    libinit2.o(.ARM.Collect$$libinit$$00000018) refers to libinit2.o(.ARM.Collect$$libinit$$00000011) for .ARM.Collect$$libinit$$00000011
    libinit2.o(.ARM.Collect$$libinit$$0000001A) refers to libinit2.o(.ARM.Collect$$libinit$$00000011) for .ARM.Collect$$libinit$$00000011
    libinit2.o(.ARM.Collect$$libinit$$00000028) refers to argv_veneer.o(.text) for __ARM_argv_veneer
    libinit2.o(.ARM.Collect$$libinit$$00000029) refers to argv_veneer.o(.text) for __ARM_argv_veneer
    sys_exit.o(.text) refers (Special) to use_no_semi.o(.text) for __I$use$semihosting
    sys_exit.o(.text) refers (Special) to indicate_semi.o(.text) for __semihosting_library_function
    sys_exit_hlt.o(.text) refers (Special) to use_no_semi.o(.text) for __I$use$semihosting
    sys_exit_hlt.o(.text) refers (Special) to indicate_semi.o(.text) for __semihosting_library_function
    rtexit2.o(.ARM.Collect$$rtexit$$00000003) refers to libshutdown.o(.ARM.Collect$$libshutdown$$00000000) for __rt_lib_shutdown
    rtexit2.o(.ARM.Collect$$rtexit$$00000004) refers to sys_exit.o(.text) for _sys_exit
    rtexit2.o(.ARM.exidx) refers to rtexit2.o(.ARM.Collect$$rtexit$$00000001) for .ARM.Collect$$rtexit$$00000001
    rtexit2.o(.ARM.exidx) refers to rtexit2.o(.ARM.Collect$$rtexit$$00000003) for .ARM.Collect$$rtexit$$00000003
    rtexit2.o(.ARM.exidx) refers to rtexit2.o(.ARM.Collect$$rtexit$$00000004) for .ARM.Collect$$rtexit$$00000004
    __raise.o(.text) refers to defsig.o(CL$$defsig) for __default_signal_handler
    defsig_general.o(.text) refers to sys_wrch.o(.text) for _ttywrch
    sys_wrch.o(.text) refers (Special) to use_no_semi.o(.text) for __I$use$semihosting
    sys_wrch.o(.text) refers (Special) to indicate_semi.o(.text) for __semihosting_library_function
    sys_wrch_hlt.o(.text) refers (Special) to use_no_semi.o(.text) for __I$use$semihosting
    sys_wrch_hlt.o(.text) refers (Special) to indicate_semi.o(.text) for __semihosting_library_function
    defsig.o(CL$$defsig) refers to defsig_fpe_inner.o(.text) for __rt_SIGFPE_inner
    defsig.o(CL$$defsig) refers to defsig_rtmem_inner.o(.text) for __rt_SIGRTMEM_inner
    _get_argv_nomalloc.o(.text) refers (Special) to hrguard.o(.text) for __heap_region$guard
    _get_argv_nomalloc.o(.text) refers to defsig_rtmem_outer.o(.text) for __rt_SIGRTMEM
    _get_argv_nomalloc.o(.text) refers to sys_command.o(.text) for _sys_command_string
    libshutdown.o(.ARM.Collect$$libshutdown$$00000000) refers (Special) to libshutdown2.o(.ARM.Collect$$libshutdown$$00000002) for __rt_lib_shutdown_cpp_1
    libshutdown.o(.ARM.Collect$$libshutdown$$00000000) refers (Special) to libshutdown2.o(.ARM.Collect$$libshutdown$$00000007) for __rt_lib_shutdown_fp_trap_1
    libshutdown.o(.ARM.Collect$$libshutdown$$00000000) refers (Special) to libshutdown2.o(.ARM.Collect$$libshutdown$$0000000F) for __rt_lib_shutdown_heap_1
    libshutdown.o(.ARM.Collect$$libshutdown$$00000000) refers (Special) to libshutdown2.o(.ARM.Collect$$libshutdown$$00000010) for __rt_lib_shutdown_return
    libshutdown.o(.ARM.Collect$$libshutdown$$00000000) refers (Special) to libshutdown2.o(.ARM.Collect$$libshutdown$$0000000A) for __rt_lib_shutdown_signal_1
    libshutdown.o(.ARM.Collect$$libshutdown$$00000000) refers (Special) to libshutdown2.o(.ARM.Collect$$libshutdown$$00000004) for __rt_lib_shutdown_stdio_1
    libshutdown.o(.ARM.Collect$$libshutdown$$00000000) refers (Special) to libshutdown2.o(.ARM.Collect$$libshutdown$$0000000C) for __rt_lib_shutdown_user_alloc_1
    sys_command.o(.text) refers (Special) to use_no_semi.o(.text) for __I$use$semihosting
    sys_command.o(.text) refers (Special) to indicate_semi.o(.text) for __semihosting_library_function
    sys_command_hlt.o(.text) refers (Special) to use_no_semi.o(.text) for __I$use$semihosting
    sys_command_hlt.o(.text) refers (Special) to indicate_semi.o(.text) for __semihosting_library_function
    defsig_abrt_inner.o(.text) refers to defsig_general.o(.text) for __default_signal_display
    defsig_rtred_inner.o(.text) refers to defsig_general.o(.text) for __default_signal_display
    defsig_rtmem_inner.o(.text) refers to defsig_general.o(.text) for __default_signal_display
    defsig_rtmem_outer.o(.text) refers to defsig_rtmem_inner.o(.text) for __rt_SIGRTMEM_inner
    defsig_rtmem_outer.o(.text) refers to defsig_exit.o(.text) for __sig_exit
    defsig_rtmem_formal.o(.text) refers to rt_raise.o(.text) for __rt_raise
    defsig_stak_inner.o(.text) refers to defsig_general.o(.text) for __default_signal_display
    defsig_pvfn_inner.o(.text) refers to defsig_general.o(.text) for __default_signal_display
    defsig_cppl_inner.o(.text) refers to defsig_general.o(.text) for __default_signal_display
    defsig_segv_inner.o(.text) refers to defsig_general.o(.text) for __default_signal_display
    defsig_other.o(.text) refers to defsig_general.o(.text) for __default_signal_display


==============================================================================

Removing Unused input sections from the image.

    Removing main.o(.text), (0 bytes).
    Removing main.o(.ARM.exidx.text.main), (8 bytes).
    Removing main.o(.ARM.use_no_argv), (4 bytes).
    Removing gpio.o(.text), (0 bytes).
    Removing gpio.o(.ARM.exidx.text.ledInit), (8 bytes).
    Removing pit.o(.text), (0 bytes).
    Removing pit.o(.ARM.exidx.text.pitInit), (8 bytes).
    Removing pit.o(.ARM.exidx.text.__NVIC_ClearPendingIRQ), (8 bytes).
    Removing pit.o(.ARM.exidx.text.__NVIC_SetPriority), (8 bytes).
    Removing pit.o(.ARM.exidx.text.__NVIC_EnableIRQ), (8 bytes).
    Removing pit.o(.ARM.exidx.text.PIT_IRQHandler), (8 bytes).
    Removing adc.o(.text), (0 bytes).
    Removing adc.o(.ARM.exidx.text.ADC0_Init), (8 bytes).
    Removing adc.o(.ARM.exidx.text.ADC0_Calibrate), (8 bytes).
    Removing adc.o(.ARM.exidx.text.__NVIC_ClearPendingIRQ), (8 bytes).
    Removing adc.o(.ARM.exidx.text.__NVIC_EnableIRQ), (8 bytes).
    Removing adc.o(.ARM.exidx.text.ADC0_IRQHandler), (8 bytes).
    Removing uart.o(.text), (0 bytes).
    Removing uart.o(.ARM.exidx.text.UART0_Transmit), (8 bytes).
    Removing uart.o(.text.UART0_Receive), (32 bytes).
    Removing uart.o(.ARM.exidx.text.UART0_Receive), (8 bytes).
    Removing uart.o(.ARM.exidx.text.UART0_Init), (8 bytes).
    Removing uart.o(.ARM.exidx.text.__NVIC_EnableIRQ), (8 bytes).
    Removing uart.o(.ARM.exidx.text.UART0_IRQHandler), (8 bytes).
    Removing pwm.o(.text), (0 bytes).
    Removing pwm.o(.ARM.exidx.text.TPM2_Init), (8 bytes).
    Removing pwm.o(.ARM.exidx.text.Signal_Control), (8 bytes).
    Removing clocksettings.o(.text), (0 bytes).
    Removing clocksettings.o(.text.SystemClock_Configure), (44 bytes).
    Removing clocksettings.o(.ARM.exidx.text.SystemClock_Configure), (8 bytes).
    Removing clocksettings.o(.ARM.exidx.text.SystemClockTick_Configure), (8 bytes).
    Removing clocksettings.o(.ARM.exidx.text.__NVIC_SetPriority), (8 bytes).
    Removing clocksettings.o(.ARM.exidx.text.SysTick_Handler), (8 bytes).
    Removing tsi.o(.text), (0 bytes).
    Removing tsi.o(.ARM.exidx.text.selectChannel), (8 bytes).
    Removing tsi.o(.ARM.exidx.text.scan), (8 bytes).
    Removing tsi.o(.ARM.exidx.text.TSI_init), (8 bytes).
    Removing tsi.o(.ARM.exidx.text.__NVIC_EnableIRQ), (8 bytes).
    Removing tsi.o(.ARM.exidx.text.__NVIC_SetPriority), (8 bytes).
    Removing tsi.o(.text.TSI_update), (28 bytes).
    Removing tsi.o(.ARM.exidx.text.TSI_update), (8 bytes).
    Removing tsi.o(.ARM.exidx.text.TSI0_IRQHandler), (8 bytes).
    Removing system_mkl25z4.o(.text), (0 bytes).
    Removing system_mkl25z4.o(.ARM.exidx.text.SystemInit), (8 bytes).
    Removing system_mkl25z4.o(.text.SystemCoreClockUpdate), (556 bytes).
    Removing system_mkl25z4.o(.ARM.exidx.text.SystemCoreClockUpdate), (8 bytes).
    Removing system_mkl25z4.o(.data.SystemCoreClock), (4 bytes).

47 unused section(s) (total 924 bytes) removed from the image.

==============================================================================

Image Symbol Table

    Local Symbols

    Symbol Name                              Value     Ov Type        Size  Object(Section)

    ../clib/angel/boardlib.s                 0x00000000   Number         0  boardinit1.o ABSOLUTE
    ../clib/angel/boardlib.s                 0x00000000   Number         0  boardinit2.o ABSOLUTE
    ../clib/angel/boardlib.s                 0x00000000   Number         0  boardinit3.o ABSOLUTE
    ../clib/angel/boardlib.s                 0x00000000   Number         0  boardshut.o ABSOLUTE
    ../clib/angel/handlers.s                 0x00000000   Number         0  __scatter_copy.o ABSOLUTE
    ../clib/angel/handlers.s                 0x00000000   Number         0  __scatter_zi.o ABSOLUTE
    ../clib/angel/kernel.s                   0x00000000   Number         0  __rtentry.o ABSOLUTE
    ../clib/angel/kernel.s                   0x00000000   Number         0  __rtentry2.o ABSOLUTE
    ../clib/angel/kernel.s                   0x00000000   Number         0  __rtentry4.o ABSOLUTE
    ../clib/angel/kernel.s                   0x00000000   Number         0  rtexit.o ABSOLUTE
    ../clib/angel/kernel.s                   0x00000000   Number         0  rtexit2.o ABSOLUTE
    ../clib/angel/rt.s                       0x00000000   Number         0  aeabi_idiv0.o ABSOLUTE
    ../clib/angel/rt.s                       0x00000000   Number         0  aeabi_idiv0_sigfpe.o ABSOLUTE
    ../clib/angel/rt.s                       0x00000000   Number         0  rt_div0.o ABSOLUTE
    ../clib/angel/rt.s                       0x00000000   Number         0  rt_raise.o ABSOLUTE
    ../clib/angel/scatterp.s                 0x00000000   Number         0  __scatter.o ABSOLUTE
    ../clib/angel/startup.s                  0x00000000   Number         0  __main.o ABSOLUTE
    ../clib/angel/sys.s                      0x00000000   Number         0  sys_stackheap_outer.o ABSOLUTE
    ../clib/angel/sys.s                      0x00000000   Number         0  libspace.o ABSOLUTE
    ../clib/angel/sys.s                      0x00000000   Number         0  tempstk.o ABSOLUTE
    ../clib/angel/sys.s                      0x00000000   Number         0  use_no_semi.o ABSOLUTE
    ../clib/angel/sys.s                      0x00000000   Number         0  indicate_semi.o ABSOLUTE
    ../clib/angel/sysapp.c                   0x00000000   Number         0  sys_exit.o ABSOLUTE
    ../clib/angel/sysapp.c                   0x00000000   Number         0  sys_exit_hlt.o ABSOLUTE
    ../clib/angel/sysapp.c                   0x00000000   Number         0  sys_wrch.o ABSOLUTE
    ../clib/angel/sysapp.c                   0x00000000   Number         0  sys_wrch_hlt.o ABSOLUTE
    ../clib/angel/sysapp.c                   0x00000000   Number         0  sys_command.o ABSOLUTE
    ../clib/angel/sysapp.c                   0x00000000   Number         0  sys_command_hlt.o ABSOLUTE
    ../clib/armsys.c                         0x00000000   Number         0  argv_veneer.o ABSOLUTE
    ../clib/armsys.c                         0x00000000   Number         0  _get_argv_nomalloc.o ABSOLUTE
    ../clib/armsys.c                         0x00000000   Number         0  no_argv.o ABSOLUTE
    ../clib/division.s                       0x00000000   Number         0  aeabi_sdiv.o ABSOLUTE
    ../clib/division.s                       0x00000000   Number         0  aeabi_sdiv_div0.o ABSOLUTE
    ../clib/heapalloc.c                      0x00000000   Number         0  hrguard.o ABSOLUTE
    ../clib/heapaux.c                        0x00000000   Number         0  heapauxi.o ABSOLUTE
    ../clib/libinit.s                        0x00000000   Number         0  libinit.o ABSOLUTE
    ../clib/libinit.s                        0x00000000   Number         0  libinit2.o ABSOLUTE
    ../clib/libinit.s                        0x00000000   Number         0  libshutdown.o ABSOLUTE
    ../clib/libinit.s                        0x00000000   Number         0  libshutdown2.o ABSOLUTE
    ../clib/signal.c                         0x00000000   Number         0  defsig_fpe_outer.o ABSOLUTE
    ../clib/signal.c                         0x00000000   Number         0  defsig_fpe_formal.o ABSOLUTE
    ../clib/signal.c                         0x00000000   Number         0  defsig_exit.o ABSOLUTE
    ../clib/signal.c                         0x00000000   Number         0  defsig_fpe_inner.o ABSOLUTE
    ../clib/signal.c                         0x00000000   Number         0  __raise.o ABSOLUTE
    ../clib/signal.c                         0x00000000   Number         0  defsig_general.o ABSOLUTE
    ../clib/signal.c                         0x00000000   Number         0  defsig_abrt_inner.o ABSOLUTE
    ../clib/signal.c                         0x00000000   Number         0  defsig_rtred_inner.o ABSOLUTE
    ../clib/signal.c                         0x00000000   Number         0  defsig_rtmem_inner.o ABSOLUTE
    ../clib/signal.c                         0x00000000   Number         0  defsig_rtmem_outer.o ABSOLUTE
    ../clib/signal.c                         0x00000000   Number         0  defsig_rtmem_formal.o ABSOLUTE
    ../clib/signal.c                         0x00000000   Number         0  defsig_stak_inner.o ABSOLUTE
    ../clib/signal.c                         0x00000000   Number         0  defsig_pvfn_inner.o ABSOLUTE
    ../clib/signal.c                         0x00000000   Number         0  defsig_cppl_inner.o ABSOLUTE
    ../clib/signal.c                         0x00000000   Number         0  defsig_segv_inner.o ABSOLUTE
    ../clib/signal.c                         0x00000000   Number         0  defsig_other.o ABSOLUTE
    ../clib/signal.s                         0x00000000   Number         0  defsig.o ABSOLUTE
    ../clib/stdlib.c                         0x00000000   Number         0  exit.o ABSOLUTE
    ../fplib/cfplib/fdiv.c                   0x00000000   Number         0  fdiv.o ABSOLUTE
    ../fplib/cfplib/ffix.c                   0x00000000   Number         0  ffixi.o ABSOLUTE
    ../fplib/cfplib/fflt.c                   0x00000000   Number         0  fflti.o ABSOLUTE
    ../fplib/cfplib/fpinit.c                 0x00000000   Number         0  fpinit.o ABSOLUTE
    ../fplib/fmul6m.s                        0x00000000   Number         0  fmul.o ABSOLUTE
    ../fplib/usenofp.s                       0x00000000   Number         0  usenofp.o ABSOLUTE
    Adc.c                                    0x00000000   Number         0  adc.o ABSOLUTE
    ClockSettings.c                          0x00000000   Number         0  clocksettings.o ABSOLUTE
    Gpio.c                                   0x00000000   Number         0  gpio.o ABSOLUTE
    Pit.c                                    0x00000000   Number         0  pit.o ABSOLUTE
    Pwm.c                                    0x00000000   Number         0  pwm.o ABSOLUTE
    RTE/Device/MKL25Z128xxx4/startup_MKL25Z4.s 0x00000000   Number         0  startup_mkl25z4.o ABSOLUTE
    Uart.c                                   0x00000000   Number         0  uart.o ABSOLUTE
    dc.s                                     0x00000000   Number         0  dc.o ABSOLUTE
    main.c                                   0x00000000   Number         0  main.o ABSOLUTE
    system_MKL25Z4.c                         0x00000000   Number         0  system_mkl25z4.o ABSOLUTE
    tsi.c                                    0x00000000   Number         0  tsi.o ABSOLUTE
    RESET                                    0x00000000   Section      192  startup_mkl25z4.o(RESET)
    !!!main                                  0x000000c0   Section        8  __main.o(!!!main)
    !!!scatter                               0x000000c8   Section       60  __scatter.o(!!!scatter)
    !!handler_copy                           0x00000104   Section       26  __scatter_copy.o(!!handler_copy)
    !!handler_zi                             0x00000120   Section       28  __scatter_zi.o(!!handler_zi)
    .ARM.Collect$$libinit$$00000000          0x0000013c   Section        2  libinit.o(.ARM.Collect$$libinit$$00000000)
    .ARM.Collect$$libinit$$00000002          0x0000013e   Section        0  libinit2.o(.ARM.Collect$$libinit$$00000002)
    .ARM.Collect$$libinit$$00000004          0x0000013e   Section        0  libinit2.o(.ARM.Collect$$libinit$$00000004)
    .ARM.Collect$$libinit$$00000006          0x0000013e   Section        0  libinit2.o(.ARM.Collect$$libinit$$00000006)
    .ARM.Collect$$libinit$$0000000C          0x0000013e   Section        0  libinit2.o(.ARM.Collect$$libinit$$0000000C)
    .ARM.Collect$$libinit$$0000000E          0x0000013e   Section        0  libinit2.o(.ARM.Collect$$libinit$$0000000E)
    .ARM.Collect$$libinit$$00000010          0x0000013e   Section        0  libinit2.o(.ARM.Collect$$libinit$$00000010)
    .ARM.Collect$$libinit$$00000013          0x0000013e   Section        0  libinit2.o(.ARM.Collect$$libinit$$00000013)
    .ARM.Collect$$libinit$$00000015          0x0000013e   Section        0  libinit2.o(.ARM.Collect$$libinit$$00000015)
    .ARM.Collect$$libinit$$00000017          0x0000013e   Section        0  libinit2.o(.ARM.Collect$$libinit$$00000017)
    .ARM.Collect$$libinit$$00000019          0x0000013e   Section        0  libinit2.o(.ARM.Collect$$libinit$$00000019)
    .ARM.Collect$$libinit$$0000001B          0x0000013e   Section        0  libinit2.o(.ARM.Collect$$libinit$$0000001B)
    .ARM.Collect$$libinit$$0000001D          0x0000013e   Section        0  libinit2.o(.ARM.Collect$$libinit$$0000001D)
    .ARM.Collect$$libinit$$0000001F          0x0000013e   Section        0  libinit2.o(.ARM.Collect$$libinit$$0000001F)
    .ARM.Collect$$libinit$$00000021          0x0000013e   Section        0  libinit2.o(.ARM.Collect$$libinit$$00000021)
    .ARM.Collect$$libinit$$00000023          0x0000013e   Section        0  libinit2.o(.ARM.Collect$$libinit$$00000023)
    .ARM.Collect$$libinit$$00000025          0x0000013e   Section        0  libinit2.o(.ARM.Collect$$libinit$$00000025)
    .ARM.Collect$$libinit$$00000027          0x0000013e   Section        0  libinit2.o(.ARM.Collect$$libinit$$00000027)
    .ARM.Collect$$libinit$$0000002E          0x0000013e   Section        0  libinit2.o(.ARM.Collect$$libinit$$0000002E)
    .ARM.Collect$$libinit$$00000030          0x0000013e   Section        0  libinit2.o(.ARM.Collect$$libinit$$00000030)
    .ARM.Collect$$libinit$$00000032          0x0000013e   Section        0  libinit2.o(.ARM.Collect$$libinit$$00000032)
    .ARM.Collect$$libinit$$00000034          0x0000013e   Section        0  libinit2.o(.ARM.Collect$$libinit$$00000034)
    .ARM.Collect$$libinit$$00000035          0x0000013e   Section        2  libinit2.o(.ARM.Collect$$libinit$$00000035)
    .ARM.Collect$$libshutdown$$00000000      0x00000140   Section        2  libshutdown.o(.ARM.Collect$$libshutdown$$00000000)
    .ARM.Collect$$libshutdown$$00000002      0x00000142   Section        0  libshutdown2.o(.ARM.Collect$$libshutdown$$00000002)
    .ARM.Collect$$libshutdown$$00000004      0x00000142   Section        0  libshutdown2.o(.ARM.Collect$$libshutdown$$00000004)
    .ARM.Collect$$libshutdown$$00000007      0x00000142   Section        0  libshutdown2.o(.ARM.Collect$$libshutdown$$00000007)
    .ARM.Collect$$libshutdown$$0000000A      0x00000142   Section        0  libshutdown2.o(.ARM.Collect$$libshutdown$$0000000A)
    .ARM.Collect$$libshutdown$$0000000C      0x00000142   Section        0  libshutdown2.o(.ARM.Collect$$libshutdown$$0000000C)
    .ARM.Collect$$libshutdown$$0000000F      0x00000142   Section        0  libshutdown2.o(.ARM.Collect$$libshutdown$$0000000F)
    .ARM.Collect$$libshutdown$$00000010      0x00000142   Section        2  libshutdown2.o(.ARM.Collect$$libshutdown$$00000010)
    .ARM.Collect$$rtentry$$00000000          0x00000144   Section        0  __rtentry.o(.ARM.Collect$$rtentry$$00000000)
    .ARM.Collect$$rtentry$$00000002          0x00000144   Section        0  __rtentry2.o(.ARM.Collect$$rtentry$$00000002)
    .ARM.Collect$$rtentry$$00000004          0x00000144   Section        6  __rtentry4.o(.ARM.Collect$$rtentry$$00000004)
    .ARM.Collect$$rtentry$$00000009          0x0000014a   Section        0  __rtentry2.o(.ARM.Collect$$rtentry$$00000009)
    .ARM.Collect$$rtentry$$0000000A          0x0000014a   Section        4  __rtentry2.o(.ARM.Collect$$rtentry$$0000000A)
    .ARM.Collect$$rtentry$$0000000C          0x0000014e   Section        0  __rtentry2.o(.ARM.Collect$$rtentry$$0000000C)
    .ARM.Collect$$rtentry$$0000000D          0x0000014e   Section        8  __rtentry2.o(.ARM.Collect$$rtentry$$0000000D)
    .ARM.Collect$$rtexit$$00000000           0x00000156   Section        2  rtexit.o(.ARM.Collect$$rtexit$$00000000)
    .ARM.Collect$$rtexit$$00000002           0x00000158   Section        0  rtexit2.o(.ARM.Collect$$rtexit$$00000002)
    .ARM.Collect$$rtexit$$00000003           0x00000158   Section        4  rtexit2.o(.ARM.Collect$$rtexit$$00000003)
    .ARM.Collect$$rtexit$$00000004           0x0000015c   Section        6  rtexit2.o(.ARM.Collect$$rtexit$$00000004)
    .text                                    0x00000164   Section       64  startup_mkl25z4.o(.text)
    .text                                    0x000001a4   Section      364  aeabi_sdiv.o(.text)
    .text                                    0x00000310   Section        0  heapauxi.o(.text)
    .text                                    0x00000316   Section        0  ffixi.o(.text)
    .text                                    0x00000362   Section        0  fflti.o(.text)
    .text                                    0x000003c0   Section       62  sys_stackheap_outer.o(.text)
    .text                                    0x000003fe   Section        2  use_no_semi.o(.text)
    .ARM.__at_0x400                          0x00000400   Section       16  startup_mkl25z4.o(.ARM.__at_0x400)
    .text                                    0x00000410   Section        0  fdiv.o(.text)
    .text                                    0x00000570   Section        0  exit.o(.text)
    .text                                    0x00000580   Section        8  libspace.o(.text)
    .text                                    0x00000588   Section        0  sys_exit.o(.text)
    [Anonymous Symbol]                       0x00000594   Section        0  adc.o(.text.ADC0_Calibrate)
    .text                                    0x00000594   Section        0  indicate_semi.o(.text)
    __arm_cp.1_1                             0x000006a0   Number         4  adc.o(.text.ADC0_Calibrate)
    __arm_cp.1_4                             0x000006a4   Number         4  adc.o(.text.ADC0_Calibrate)
    __arm_cp.1_5                             0x000006a8   Number         4  adc.o(.text.ADC0_Calibrate)
    __arm_cp.1_6                             0x000006ac   Number         4  adc.o(.text.ADC0_Calibrate)
    __arm_cp.1_7                             0x000006b0   Number         4  adc.o(.text.ADC0_Calibrate)
    __arm_cp.1_8                             0x000006b4   Number         4  adc.o(.text.ADC0_Calibrate)
    __arm_cp.1_9                             0x000006b8   Number         4  adc.o(.text.ADC0_Calibrate)
    __arm_cp.1_10                            0x000006bc   Number         4  adc.o(.text.ADC0_Calibrate)
    __arm_cp.1_11                            0x000006c0   Number         4  adc.o(.text.ADC0_Calibrate)
    __arm_cp.1_12                            0x000006c4   Number         4  adc.o(.text.ADC0_Calibrate)
    __arm_cp.1_13                            0x000006c8   Number         4  adc.o(.text.ADC0_Calibrate)
    __arm_cp.1_14                            0x000006cc   Number         4  adc.o(.text.ADC0_Calibrate)
    __arm_cp.1_15                            0x000006d0   Number         4  adc.o(.text.ADC0_Calibrate)
    __arm_cp.1_16                            0x000006d4   Number         4  adc.o(.text.ADC0_Calibrate)
    __arm_cp.1_17                            0x000006d8   Number         4  adc.o(.text.ADC0_Calibrate)
    [Anonymous Symbol]                       0x000006dc   Section        0  adc.o(.text.ADC0_IRQHandler)
    __arm_cp.4_0                             0x000006f8   Number         4  adc.o(.text.ADC0_IRQHandler)
    __arm_cp.4_1                             0x000006fc   Number         4  adc.o(.text.ADC0_IRQHandler)
    __arm_cp.4_2                             0x00000700   Number         4  adc.o(.text.ADC0_IRQHandler)
    [Anonymous Symbol]                       0x00000704   Section        0  adc.o(.text.ADC0_Init)
    __arm_cp.0_0                             0x00000758   Number         4  adc.o(.text.ADC0_Init)
    __arm_cp.0_1                             0x0000075c   Number         4  adc.o(.text.ADC0_Init)
    __arm_cp.0_3                             0x00000760   Number         4  adc.o(.text.ADC0_Init)
    [Anonymous Symbol]                       0x00000764   Section        0  pit.o(.text.PIT_IRQHandler)
    __arm_cp.4_0                             0x000008d4   Number         4  pit.o(.text.PIT_IRQHandler)
    __arm_cp.4_1                             0x000008d8   Number         4  pit.o(.text.PIT_IRQHandler)
    __arm_cp.4_2                             0x000008dc   Number         4  pit.o(.text.PIT_IRQHandler)
    __arm_cp.4_3                             0x000008e0   Number         4  pit.o(.text.PIT_IRQHandler)
    __arm_cp.4_4                             0x000008e4   Number         4  pit.o(.text.PIT_IRQHandler)
    __arm_cp.4_5                             0x000008e8   Number         4  pit.o(.text.PIT_IRQHandler)
    __arm_cp.4_6                             0x000008ec   Number         4  pit.o(.text.PIT_IRQHandler)
    __arm_cp.4_7                             0x000008f0   Number         4  pit.o(.text.PIT_IRQHandler)
    [Anonymous Symbol]                       0x000008f4   Section        0  pwm.o(.text.Signal_Control)
    __arm_cp.1_0                             0x000009dc   Number         4  pwm.o(.text.Signal_Control)
    __arm_cp.1_2                             0x000009e0   Number         4  pwm.o(.text.Signal_Control)
    __arm_cp.1_3                             0x000009e4   Number         4  pwm.o(.text.Signal_Control)
    __arm_cp.1_4                             0x000009e8   Number         4  pwm.o(.text.Signal_Control)
    __arm_cp.1_5                             0x000009ec   Number         4  pwm.o(.text.Signal_Control)
    __arm_cp.1_6                             0x000009f0   Number         4  pwm.o(.text.Signal_Control)
    __arm_cp.1_7                             0x000009f4   Number         4  pwm.o(.text.Signal_Control)
    [Anonymous Symbol]                       0x000009f8   Section        0  clocksettings.o(.text.SysTick_Handler)
    __arm_cp.3_0                             0x00000a98   Number         4  clocksettings.o(.text.SysTick_Handler)
    __arm_cp.3_1                             0x00000a9c   Number         4  clocksettings.o(.text.SysTick_Handler)
    __arm_cp.3_2                             0x00000aa0   Number         4  clocksettings.o(.text.SysTick_Handler)
    __arm_cp.3_3                             0x00000aa4   Number         4  clocksettings.o(.text.SysTick_Handler)
    __arm_cp.3_4                             0x00000aa8   Number         4  clocksettings.o(.text.SysTick_Handler)
    __arm_cp.3_5                             0x00000aac   Number         4  clocksettings.o(.text.SysTick_Handler)
    __arm_cp.3_6                             0x00000ab0   Number         4  clocksettings.o(.text.SysTick_Handler)
    __arm_cp.3_7                             0x00000ab4   Number         4  clocksettings.o(.text.SysTick_Handler)
    __arm_cp.3_8                             0x00000ab8   Number         4  clocksettings.o(.text.SysTick_Handler)
    __arm_cp.3_9                             0x00000abc   Number         4  clocksettings.o(.text.SysTick_Handler)
    [Anonymous Symbol]                       0x00000ac0   Section        0  clocksettings.o(.text.SystemClockTick_Configure)
    __arm_cp.1_0                             0x00000aec   Number         4  clocksettings.o(.text.SystemClockTick_Configure)
    __arm_cp.1_1                             0x00000af0   Number         4  clocksettings.o(.text.SystemClockTick_Configure)
    __arm_cp.1_2                             0x00000af4   Number         4  clocksettings.o(.text.SystemClockTick_Configure)
    __arm_cp.1_3                             0x00000af8   Number         4  clocksettings.o(.text.SystemClockTick_Configure)
    [Anonymous Symbol]                       0x00000afc   Section        0  system_mkl25z4.o(.text.SystemInit)
    __arm_cp.0_0                             0x00000b04   Number         4  system_mkl25z4.o(.text.SystemInit)
    [Anonymous Symbol]                       0x00000b08   Section        0  pwm.o(.text.TPM2_Init)
    __arm_cp.0_1                             0x00000b58   Number         4  pwm.o(.text.TPM2_Init)
    __arm_cp.0_3                             0x00000b5c   Number         4  pwm.o(.text.TPM2_Init)
    __arm_cp.0_4                             0x00000b60   Number         4  pwm.o(.text.TPM2_Init)
    __arm_cp.0_5                             0x00000b64   Number         4  pwm.o(.text.TPM2_Init)
    [Anonymous Symbol]                       0x00000b68   Section        0  tsi.o(.text.TSI0_IRQHandler)
    __arm_cp.6_1                             0x00000bf8   Number         4  tsi.o(.text.TSI0_IRQHandler)
    __arm_cp.6_2                             0x00000bfc   Number         4  tsi.o(.text.TSI0_IRQHandler)
    __arm_cp.6_3                             0x00000c00   Number         4  tsi.o(.text.TSI0_IRQHandler)
    __arm_cp.6_4                             0x00000c04   Number         4  tsi.o(.text.TSI0_IRQHandler)
    __arm_cp.6_5                             0x00000c08   Number         4  tsi.o(.text.TSI0_IRQHandler)
    __arm_cp.6_6                             0x00000c0c   Number         4  tsi.o(.text.TSI0_IRQHandler)
    [Anonymous Symbol]                       0x00000c10   Section        0  tsi.o(.text.TSI_init)
    __arm_cp.2_1                             0x00000c54   Number         4  tsi.o(.text.TSI_init)
    __arm_cp.2_2                             0x00000c58   Number         4  tsi.o(.text.TSI_init)
    [Anonymous Symbol]                       0x00000c5c   Section        0  uart.o(.text.UART0_IRQHandler)
    __arm_cp.4_2                             0x00000ccc   Number         4  uart.o(.text.UART0_IRQHandler)
    __arm_cp.4_3                             0x00000cd0   Number         4  uart.o(.text.UART0_IRQHandler)
    __arm_cp.4_4                             0x00000cd4   Number         4  uart.o(.text.UART0_IRQHandler)
    [Anonymous Symbol]                       0x00000cd8   Section        0  uart.o(.text.UART0_Init)
    __arm_cp.2_0                             0x00000d80   Number         4  uart.o(.text.UART0_Init)
    __arm_cp.2_1                             0x00000d84   Number         4  uart.o(.text.UART0_Init)
    __arm_cp.2_2                             0x00000d88   Number         4  uart.o(.text.UART0_Init)
    __arm_cp.2_3                             0x00000d8c   Number         4  uart.o(.text.UART0_Init)
    __arm_cp.2_5                             0x00000d90   Number         4  uart.o(.text.UART0_Init)
    __arm_cp.2_6                             0x00000d94   Number         4  uart.o(.text.UART0_Init)
    __arm_cp.2_7                             0x00000d98   Number         4  uart.o(.text.UART0_Init)
    __arm_cp.2_8                             0x00000d9c   Number         4  uart.o(.text.UART0_Init)
    __arm_cp.2_9                             0x00000da0   Number         4  uart.o(.text.UART0_Init)
    __arm_cp.2_10                            0x00000da4   Number         4  uart.o(.text.UART0_Init)
    __arm_cp.2_11                            0x00000da8   Number         4  uart.o(.text.UART0_Init)
    __arm_cp.2_12                            0x00000dac   Number         4  uart.o(.text.UART0_Init)
    [Anonymous Symbol]                       0x00000db0   Section        0  uart.o(.text.UART0_Transmit)
    __arm_cp.0_0                             0x00000dd0   Number         4  uart.o(.text.UART0_Transmit)
    __arm_cp.0_1                             0x00000dd4   Number         4  uart.o(.text.UART0_Transmit)
    __NVIC_ClearPendingIRQ                   0x00000dd9   Thumb Code    40  pit.o(.text.__NVIC_ClearPendingIRQ)
    [Anonymous Symbol]                       0x00000dd8   Section        0  pit.o(.text.__NVIC_ClearPendingIRQ)
    __NVIC_ClearPendingIRQ                   0x00000e01   Thumb Code    40  adc.o(.text.__NVIC_ClearPendingIRQ)
    [Anonymous Symbol]                       0x00000e00   Section        0  adc.o(.text.__NVIC_ClearPendingIRQ)
    __arm_cp.2_0                             0x00000e28   Number         4  adc.o(.text.__NVIC_ClearPendingIRQ)
    __NVIC_EnableIRQ                         0x00000e2d   Thumb Code    40  pit.o(.text.__NVIC_EnableIRQ)
    [Anonymous Symbol]                       0x00000e2c   Section        0  pit.o(.text.__NVIC_EnableIRQ)
    __NVIC_EnableIRQ                         0x00000e55   Thumb Code    40  adc.o(.text.__NVIC_EnableIRQ)
    [Anonymous Symbol]                       0x00000e54   Section        0  adc.o(.text.__NVIC_EnableIRQ)
    __NVIC_EnableIRQ                         0x00000e7d   Thumb Code    40  uart.o(.text.__NVIC_EnableIRQ)
    [Anonymous Symbol]                       0x00000e7c   Section        0  uart.o(.text.__NVIC_EnableIRQ)
    __NVIC_EnableIRQ                         0x00000ea5   Thumb Code    40  tsi.o(.text.__NVIC_EnableIRQ)
    [Anonymous Symbol]                       0x00000ea4   Section        0  tsi.o(.text.__NVIC_EnableIRQ)
    __arm_cp.3_0                             0x00000ecc   Number         4  tsi.o(.text.__NVIC_EnableIRQ)
    __NVIC_SetPriority                       0x00000ed1   Thumb Code   124  pit.o(.text.__NVIC_SetPriority)
    [Anonymous Symbol]                       0x00000ed0   Section        0  pit.o(.text.__NVIC_SetPriority)
    __NVIC_SetPriority                       0x00000f4d   Thumb Code   124  clocksettings.o(.text.__NVIC_SetPriority)
    [Anonymous Symbol]                       0x00000f4c   Section        0  clocksettings.o(.text.__NVIC_SetPriority)
    __NVIC_SetPriority                       0x00000fc9   Thumb Code   124  tsi.o(.text.__NVIC_SetPriority)
    [Anonymous Symbol]                       0x00000fc8   Section        0  tsi.o(.text.__NVIC_SetPriority)
    __arm_cp.4_0                             0x00001044   Number         4  tsi.o(.text.__NVIC_SetPriority)
    __arm_cp.4_1                             0x00001048   Number         4  tsi.o(.text.__NVIC_SetPriority)
    [Anonymous Symbol]                       0x0000104c   Section        0  gpio.o(.text.ledInit)
    __arm_cp.0_0                             0x000010c0   Number         4  gpio.o(.text.ledInit)
    __arm_cp.0_1                             0x000010c4   Number         4  gpio.o(.text.ledInit)
    __arm_cp.0_2                             0x000010c8   Number         4  gpio.o(.text.ledInit)
    __arm_cp.0_3                             0x000010cc   Number         4  gpio.o(.text.ledInit)
    __arm_cp.0_4                             0x000010d0   Number         4  gpio.o(.text.ledInit)
    __arm_cp.0_5                             0x000010d4   Number         4  gpio.o(.text.ledInit)
    __arm_cp.0_6                             0x000010d8   Number         4  gpio.o(.text.ledInit)
    __arm_cp.0_7                             0x000010dc   Number         4  gpio.o(.text.ledInit)
    __arm_cp.0_8                             0x000010e0   Number         4  gpio.o(.text.ledInit)
    __arm_cp.0_9                             0x000010e4   Number         4  gpio.o(.text.ledInit)
    [Anonymous Symbol]                       0x000010e8   Section        0  main.o(.text.main)
    __arm_cp.0_0                             0x000011e4   Number         4  main.o(.text.main)
    __arm_cp.0_1                             0x000011e8   Number         4  main.o(.text.main)
    __arm_cp.0_2                             0x000011ec   Number         4  main.o(.text.main)
    __arm_cp.0_3                             0x000011f0   Number         4  main.o(.text.main)
    __arm_cp.0_4                             0x000011f4   Number         4  main.o(.text.main)
    __arm_cp.0_5                             0x000011f8   Number         4  main.o(.text.main)
    __arm_cp.0_6                             0x000011fc   Number         4  main.o(.text.main)
    __arm_cp.0_7                             0x00001200   Number         4  main.o(.text.main)
    [Anonymous Symbol]                       0x00001204   Section        0  pit.o(.text.pitInit)
    __arm_cp.0_0                             0x0000126c   Number         4  pit.o(.text.pitInit)
    __arm_cp.0_1                             0x00001270   Number         4  pit.o(.text.pitInit)
    __arm_cp.0_2                             0x00001274   Number         4  pit.o(.text.pitInit)
    __arm_cp.0_3                             0x00001278   Number         4  pit.o(.text.pitInit)
    __arm_cp.0_4                             0x0000127c   Number         4  pit.o(.text.pitInit)
    __arm_cp.0_5                             0x00001280   Number         4  pit.o(.text.pitInit)
    __arm_cp.0_6                             0x00001284   Number         4  pit.o(.text.pitInit)
    __arm_cp.0_7                             0x00001288   Number         4  pit.o(.text.pitInit)
    __arm_cp.0_8                             0x0000128c   Number         4  pit.o(.text.pitInit)
    [Anonymous Symbol]                       0x00001290   Section        0  tsi.o(.text.scan)
    __arm_cp.1_0                             0x000012c0   Number         4  tsi.o(.text.scan)
    [Anonymous Symbol]                       0x000012c4   Section        0  tsi.o(.text.selectChannel)
    __arm_cp.0_0                             0x000012e4   Number         4  tsi.o(.text.selectChannel)
    x$fpl$fmul                               0x000012e8   Section      176  fmul.o(x$fpl$fmul)
    fdiv_tab                                 0x00001398   Data          64  fdiv.o(.constdata)
    .constdata                               0x00001398   Section       64  fdiv.o(.constdata)
    x$fpl$usenofp                            0x00001398   Section        0  usenofp.o(x$fpl$usenofp)
    Signal_Control.increasing                0x1ffff002   Data           1  pwm.o(.data.Signal_Control.increasing)
    [Anonymous Symbol]                       0x1ffff002   Section        0  pwm.o(.data.Signal_Control.increasing)
    .bss                                     0x1ffff008   Section       96  libspace.o(.bss)
    Signal_Control.duty_cycle                0x1ffff068   Data           1  pwm.o(.bss.Signal_Control.duty_cycle)
    [Anonymous Symbol]                       0x1ffff068   Section        0  pwm.o(.bss.Signal_Control.duty_cycle)
    base_tick                                0x1ffff070   Data           2  clocksettings.o(.bss.base_tick)
    [Anonymous Symbol]                       0x1ffff070   Section        0  clocksettings.o(.bss.base_tick)
    count                                    0x1ffff072   Data           2  tsi.o(.bss.count)
    [Anonymous Symbol]                       0x1ffff072   Section        0  tsi.o(.bss.count)
    state                                    0x1ffff07a   Data           1  pit.o(.bss.state)
    [Anonymous Symbol]                       0x1ffff07a   Section        0  pit.o(.bss.state)
    sum                                      0x1ffff07c   Data           4  tsi.o(.bss.sum)
    [Anonymous Symbol]                       0x1ffff07c   Section        0  tsi.o(.bss.sum)
    tick_100ms                               0x1ffff080   Data           2  clocksettings.o(.bss.tick_100ms)
    [Anonymous Symbol]                       0x1ffff080   Section        0  clocksettings.o(.bss.tick_100ms)
    tick_1s                                  0x1ffff082   Data           2  clocksettings.o(.bss.tick_1s)
    [Anonymous Symbol]                       0x1ffff082   Section        0  clocksettings.o(.bss.tick_1s)
    tick_500ms                               0x1ffff084   Data           2  clocksettings.o(.bss.tick_500ms)
    [Anonymous Symbol]                       0x1ffff084   Section        0  clocksettings.o(.bss.tick_500ms)
    tick_50ms                                0x1ffff086   Data           2  clocksettings.o(.bss.tick_50ms)
    [Anonymous Symbol]                       0x1ffff086   Section        0  clocksettings.o(.bss.tick_50ms)
    Heap_Mem                                 0x1ffff088   Data           0  startup_mkl25z4.o(HEAP)
    Stack_Mem                                0x1ffff088   Data         256  startup_mkl25z4.o(STACK)
    HEAP                                     0x1ffff088   Section        0  startup_mkl25z4.o(HEAP)
    STACK                                    0x1ffff088   Section      256  startup_mkl25z4.o(STACK)
    __initial_sp                             0x1ffff188   Data           0  startup_mkl25z4.o(STACK)

    Global Symbols

    Symbol Name                              Value     Ov Type        Size  Object(Section)

    BuildAttributes$$THM_ISAv3M$S$PE$A:L22$X:L11$S22$IEEE1$IW$~IW$USESV6$~STKCKD$USESV7$~SHL$OSPACE$ROPI$EBA8$UX$STANDARDLIB$REQ8$PRES8$EABIv2 0x00000000   Number         0  anon$$obj.o ABSOLUTE
    __Vectors                                0x00000000   Data           4  startup_mkl25z4.o(RESET)
    __ARM_exceptions_init                     - Undefined Weak Reference
    __alloca_initialize                       - Undefined Weak Reference
    __arm_preinit_                            - Undefined Weak Reference
    __arm_relocate_pie_                       - Undefined Weak Reference
    __cpp_initialize__aeabi_                  - Undefined Weak Reference
    __cxa_finalize                            - Undefined Weak Reference
    __rt_locale                               - Undefined Weak Reference
    __sigvec_lookup                           - Undefined Weak Reference
    _atexit_init                              - Undefined Weak Reference
    _call_atexit_fns                          - Undefined Weak Reference
    _clock_init                               - Undefined Weak Reference
    _fp_trap_init                             - Undefined Weak Reference
    _fp_trap_shutdown                         - Undefined Weak Reference
    _get_lc_collate                           - Undefined Weak Reference
    _get_lc_ctype                             - Undefined Weak Reference
    _get_lc_monetary                          - Undefined Weak Reference
    _get_lc_numeric                           - Undefined Weak Reference
    _get_lc_time                              - Undefined Weak Reference
    _getenv_init                              - Undefined Weak Reference
    _handle_redirection                       - Undefined Weak Reference
    _init_alloc                               - Undefined Weak Reference
    _init_user_alloc                          - Undefined Weak Reference
    _initio                                   - Undefined Weak Reference
    _rand_init                                - Undefined Weak Reference
    _signal_finish                            - Undefined Weak Reference
    _signal_init                              - Undefined Weak Reference
    _terminate_alloc                          - Undefined Weak Reference
    _terminate_user_alloc                     - Undefined Weak Reference
    _terminateio                              - Undefined Weak Reference
    __Vectors_End                            0x000000c0   Data           0  startup_mkl25z4.o(RESET)
    __Vectors_Size                           0x000000c0   Number         0  startup_mkl25z4.o ABSOLUTE
    __main                                   0x000000c1   Thumb Code     8  __main.o(!!!main)
    __scatterload                            0x000000c9   Thumb Code     0  __scatter.o(!!!scatter)
    __scatterload_rt2                        0x000000c9   Thumb Code    52  __scatter.o(!!!scatter)
    __scatterload_rt2_thumb_only             0x000000c9   Thumb Code     0  __scatter.o(!!!scatter)
    __scatterload_null                       0x000000d9   Thumb Code     0  __scatter.o(!!!scatter)
    __scatterload_copy                       0x00000105   Thumb Code    26  __scatter_copy.o(!!handler_copy)
    __scatterload_zeroinit                   0x00000121   Thumb Code    28  __scatter_zi.o(!!handler_zi)
    __rt_lib_init                            0x0000013d   Thumb Code     0  libinit.o(.ARM.Collect$$libinit$$00000000)
    __rt_lib_init_alloca_1                   0x0000013f   Thumb Code     0  libinit2.o(.ARM.Collect$$libinit$$00000030)
    __rt_lib_init_argv_1                     0x0000013f   Thumb Code     0  libinit2.o(.ARM.Collect$$libinit$$0000002E)
    __rt_lib_init_atexit_1                   0x0000013f   Thumb Code     0  libinit2.o(.ARM.Collect$$libinit$$0000001D)
    __rt_lib_init_clock_1                    0x0000013f   Thumb Code     0  libinit2.o(.ARM.Collect$$libinit$$00000023)
    __rt_lib_init_cpp_1                      0x0000013f   Thumb Code     0  libinit2.o(.ARM.Collect$$libinit$$00000034)
    __rt_lib_init_exceptions_1               0x0000013f   Thumb Code     0  libinit2.o(.ARM.Collect$$libinit$$00000032)
    __rt_lib_init_fp_1                       0x0000013f   Thumb Code     0  libinit2.o(.ARM.Collect$$libinit$$00000002)
    __rt_lib_init_fp_trap_1                  0x0000013f   Thumb Code     0  libinit2.o(.ARM.Collect$$libinit$$00000021)
    __rt_lib_init_getenv_1                   0x0000013f   Thumb Code     0  libinit2.o(.ARM.Collect$$libinit$$00000025)
    __rt_lib_init_heap_1                     0x0000013f   Thumb Code     0  libinit2.o(.ARM.Collect$$libinit$$0000000C)
    __rt_lib_init_lc_collate_1               0x0000013f   Thumb Code     0  libinit2.o(.ARM.Collect$$libinit$$00000013)
    __rt_lib_init_lc_ctype_1                 0x0000013f   Thumb Code     0  libinit2.o(.ARM.Collect$$libinit$$00000015)
    __rt_lib_init_lc_monetary_1              0x0000013f   Thumb Code     0  libinit2.o(.ARM.Collect$$libinit$$00000017)
    __rt_lib_init_lc_numeric_1               0x0000013f   Thumb Code     0  libinit2.o(.ARM.Collect$$libinit$$00000019)
    __rt_lib_init_lc_time_1                  0x0000013f   Thumb Code     0  libinit2.o(.ARM.Collect$$libinit$$0000001B)
    __rt_lib_init_preinit_1                  0x0000013f   Thumb Code     0  libinit2.o(.ARM.Collect$$libinit$$00000006)
    __rt_lib_init_rand_1                     0x0000013f   Thumb Code     0  libinit2.o(.ARM.Collect$$libinit$$00000010)
    __rt_lib_init_relocate_pie_1             0x0000013f   Thumb Code     0  libinit2.o(.ARM.Collect$$libinit$$00000004)
    __rt_lib_init_return                     0x0000013f   Thumb Code     0  libinit2.o(.ARM.Collect$$libinit$$00000035)
    __rt_lib_init_signal_1                   0x0000013f   Thumb Code     0  libinit2.o(.ARM.Collect$$libinit$$0000001F)
    __rt_lib_init_stdio_1                    0x0000013f   Thumb Code     0  libinit2.o(.ARM.Collect$$libinit$$00000027)
    __rt_lib_init_user_alloc_1               0x0000013f   Thumb Code     0  libinit2.o(.ARM.Collect$$libinit$$0000000E)
    __rt_lib_shutdown                        0x00000141   Thumb Code     0  libshutdown.o(.ARM.Collect$$libshutdown$$00000000)
    __rt_lib_shutdown_cpp_1                  0x00000143   Thumb Code     0  libshutdown2.o(.ARM.Collect$$libshutdown$$00000002)
    __rt_lib_shutdown_fp_trap_1              0x00000143   Thumb Code     0  libshutdown2.o(.ARM.Collect$$libshutdown$$00000007)
    __rt_lib_shutdown_heap_1                 0x00000143   Thumb Code     0  libshutdown2.o(.ARM.Collect$$libshutdown$$0000000F)
    __rt_lib_shutdown_return                 0x00000143   Thumb Code     0  libshutdown2.o(.ARM.Collect$$libshutdown$$00000010)
    __rt_lib_shutdown_signal_1               0x00000143   Thumb Code     0  libshutdown2.o(.ARM.Collect$$libshutdown$$0000000A)
    __rt_lib_shutdown_stdio_1                0x00000143   Thumb Code     0  libshutdown2.o(.ARM.Collect$$libshutdown$$00000004)
    __rt_lib_shutdown_user_alloc_1           0x00000143   Thumb Code     0  libshutdown2.o(.ARM.Collect$$libshutdown$$0000000C)
    __rt_entry                               0x00000145   Thumb Code     0  __rtentry.o(.ARM.Collect$$rtentry$$00000000)
    __rt_entry_presh_1                       0x00000145   Thumb Code     0  __rtentry2.o(.ARM.Collect$$rtentry$$00000002)
    __rt_entry_sh                            0x00000145   Thumb Code     0  __rtentry4.o(.ARM.Collect$$rtentry$$00000004)
    __rt_entry_li                            0x0000014b   Thumb Code     0  __rtentry2.o(.ARM.Collect$$rtentry$$0000000A)
    __rt_entry_postsh_1                      0x0000014b   Thumb Code     0  __rtentry2.o(.ARM.Collect$$rtentry$$00000009)
    __rt_entry_main                          0x0000014f   Thumb Code     0  __rtentry2.o(.ARM.Collect$$rtentry$$0000000D)
    __rt_entry_postli_1                      0x0000014f   Thumb Code     0  __rtentry2.o(.ARM.Collect$$rtentry$$0000000C)
    __rt_exit                                0x00000157   Thumb Code     0  rtexit.o(.ARM.Collect$$rtexit$$00000000)
    __rt_exit_ls                             0x00000159   Thumb Code     0  rtexit2.o(.ARM.Collect$$rtexit$$00000003)
    __rt_exit_prels_1                        0x00000159   Thumb Code     0  rtexit2.o(.ARM.Collect$$rtexit$$00000002)
    __rt_exit_exit                           0x0000015d   Thumb Code     0  rtexit2.o(.ARM.Collect$$rtexit$$00000004)
    Reset_Handler                            0x00000165   Thumb Code    12  startup_mkl25z4.o(.text)
    NMI_Handler                              0x00000171   Thumb Code     2  startup_mkl25z4.o(.text)
    HardFault_Handler                        0x00000173   Thumb Code     2  startup_mkl25z4.o(.text)
    SVC_Handler                              0x00000175   Thumb Code     2  startup_mkl25z4.o(.text)
    PendSV_Handler                           0x00000177   Thumb Code     2  startup_mkl25z4.o(.text)
    CMP0_IRQHandler                          0x0000017b   Thumb Code     0  startup_mkl25z4.o(.text)
    DAC0_IRQHandler                          0x0000017b   Thumb Code     0  startup_mkl25z4.o(.text)
    DMA0_IRQHandler                          0x0000017b   Thumb Code     0  startup_mkl25z4.o(.text)
    DMA1_IRQHandler                          0x0000017b   Thumb Code     0  startup_mkl25z4.o(.text)
    DMA2_IRQHandler                          0x0000017b   Thumb Code     0  startup_mkl25z4.o(.text)
    DMA3_IRQHandler                          0x0000017b   Thumb Code     0  startup_mkl25z4.o(.text)
    DefaultISR                               0x0000017b   Thumb Code     0  startup_mkl25z4.o(.text)
    FTFA_IRQHandler                          0x0000017b   Thumb Code     0  startup_mkl25z4.o(.text)
    I2C0_IRQHandler                          0x0000017b   Thumb Code     0  startup_mkl25z4.o(.text)
    I2C1_IRQHandler                          0x0000017b   Thumb Code     0  startup_mkl25z4.o(.text)
    LLWU_IRQHandler                          0x0000017b   Thumb Code     0  startup_mkl25z4.o(.text)
    LPTMR0_IRQHandler                        0x0000017b   Thumb Code     0  startup_mkl25z4.o(.text)
    LVD_LVW_IRQHandler                       0x0000017b   Thumb Code     0  startup_mkl25z4.o(.text)
    MCG_IRQHandler                           0x0000017b   Thumb Code     0  startup_mkl25z4.o(.text)
    PORTA_IRQHandler                         0x0000017b   Thumb Code     0  startup_mkl25z4.o(.text)
    PORTD_IRQHandler                         0x0000017b   Thumb Code     0  startup_mkl25z4.o(.text)
    RTC_IRQHandler                           0x0000017b   Thumb Code     0  startup_mkl25z4.o(.text)
    RTC_Seconds_IRQHandler                   0x0000017b   Thumb Code     0  startup_mkl25z4.o(.text)
    Reserved20_IRQHandler                    0x0000017b   Thumb Code     0  startup_mkl25z4.o(.text)
    Reserved39_IRQHandler                    0x0000017b   Thumb Code     0  startup_mkl25z4.o(.text)
    Reserved45_IRQHandler                    0x0000017b   Thumb Code     0  startup_mkl25z4.o(.text)
    SPI0_IRQHandler                          0x0000017b   Thumb Code     0  startup_mkl25z4.o(.text)
    SPI1_IRQHandler                          0x0000017b   Thumb Code     0  startup_mkl25z4.o(.text)
    TPM0_IRQHandler                          0x0000017b   Thumb Code     0  startup_mkl25z4.o(.text)
    TPM1_IRQHandler                          0x0000017b   Thumb Code     0  startup_mkl25z4.o(.text)
    TPM2_IRQHandler                          0x0000017b   Thumb Code     0  startup_mkl25z4.o(.text)
    UART1_IRQHandler                         0x0000017b   Thumb Code     0  startup_mkl25z4.o(.text)
    UART2_IRQHandler                         0x0000017b   Thumb Code     0  startup_mkl25z4.o(.text)
    USB0_IRQHandler                          0x0000017b   Thumb Code     0  startup_mkl25z4.o(.text)
    __user_initial_stackheap                 0x00000181   Thumb Code     0  startup_mkl25z4.o(.text)
    __aeabi_uidiv                            0x000001a5   Thumb Code     0  aeabi_sdiv.o(.text)
    __aeabi_uidivmod                         0x000001a5   Thumb Code    20  aeabi_sdiv.o(.text)
    __aeabi_idiv                             0x000001b9   Thumb Code     0  aeabi_sdiv.o(.text)
    __aeabi_idivmod                          0x000001b9   Thumb Code   338  aeabi_sdiv.o(.text)
    __use_two_region_memory                  0x00000311   Thumb Code     2  heapauxi.o(.text)
    __rt_heap_escrow$2region                 0x00000313   Thumb Code     2  heapauxi.o(.text)
    __rt_heap_expand$2region                 0x00000315   Thumb Code     2  heapauxi.o(.text)
    __aeabi_f2iz                             0x00000317   Thumb Code     0  ffixi.o(.text)
    _ffix                                    0x00000317   Thumb Code    76  ffixi.o(.text)
    __aeabi_i2f_normalise                    0x00000363   Thumb Code    72  fflti.o(.text)
    __aeabi_i2f                              0x000003ab   Thumb Code    16  fflti.o(.text)
    _fflt                                    0x000003ab   Thumb Code     0  fflti.o(.text)
    __aeabi_ui2f                             0x000003bb   Thumb Code     6  fflti.o(.text)
    _ffltu                                   0x000003bb   Thumb Code     0  fflti.o(.text)
    __user_setup_stackheap                   0x000003c1   Thumb Code    62  sys_stackheap_outer.o(.text)
    __I$use$semihosting                      0x000003ff   Thumb Code     0  use_no_semi.o(.text)
    __use_no_semihosting_swi                 0x000003ff   Thumb Code     2  use_no_semi.o(.text)
    __aeabi_fdiv                             0x00000411   Thumb Code     0  fdiv.o(.text)
    _fdiv                                    0x00000411   Thumb Code   334  fdiv.o(.text)
    _frdiv                                   0x0000055f   Thumb Code     8  fdiv.o(.text)
    exit                                     0x00000571   Thumb Code    16  exit.o(.text)
    __user_libspace                          0x00000581   Thumb Code     8  libspace.o(.text)
    __user_perproc_libspace                  0x00000581   Thumb Code     0  libspace.o(.text)
    __user_perthread_libspace                0x00000581   Thumb Code     0  libspace.o(.text)
    _sys_exit                                0x00000589   Thumb Code     8  sys_exit.o(.text)
    ADC0_Calibrate                           0x00000595   Thumb Code   268  adc.o(.text.ADC0_Calibrate)
    __semihosting_library_function           0x00000595   Thumb Code     0  indicate_semi.o(.text)
    ADC0_IRQHandler                          0x000006dd   Thumb Code    28  adc.o(.text.ADC0_IRQHandler)
    ADC0_Init                                0x00000705   Thumb Code    84  adc.o(.text.ADC0_Init)
    PIT_IRQHandler                           0x00000765   Thumb Code   368  pit.o(.text.PIT_IRQHandler)
    Signal_Control                           0x000008f5   Thumb Code   232  pwm.o(.text.Signal_Control)
    SysTick_Handler                          0x000009f9   Thumb Code   160  clocksettings.o(.text.SysTick_Handler)
    SystemClockTick_Configure                0x00000ac1   Thumb Code    44  clocksettings.o(.text.SystemClockTick_Configure)
    SystemInit                               0x00000afd   Thumb Code     8  system_mkl25z4.o(.text.SystemInit)
    TPM2_Init                                0x00000b09   Thumb Code    80  pwm.o(.text.TPM2_Init)
    TSI0_IRQHandler                          0x00000b69   Thumb Code   144  tsi.o(.text.TSI0_IRQHandler)
    TSI_init                                 0x00000c11   Thumb Code    68  tsi.o(.text.TSI_init)
    UART0_IRQHandler                         0x00000c5d   Thumb Code   112  uart.o(.text.UART0_IRQHandler)
    UART0_Init                               0x00000cd9   Thumb Code   168  uart.o(.text.UART0_Init)
    UART0_Transmit                           0x00000db1   Thumb Code    32  uart.o(.text.UART0_Transmit)
    ledInit                                  0x0000104d   Thumb Code   116  gpio.o(.text.ledInit)
    main                                     0x000010e9   Thumb Code   252  main.o(.text.main)
    pitInit                                  0x00001205   Thumb Code   104  pit.o(.text.pitInit)
    scan                                     0x00001291   Thumb Code    48  tsi.o(.text.scan)
    selectChannel                            0x000012c5   Thumb Code    32  tsi.o(.text.selectChannel)
    __aeabi_fmul                             0x000012e9   Thumb Code     0  fmul.o(x$fpl$fmul)
    _fmul                                    0x000012e9   Thumb Code   172  fmul.o(x$fpl$fmul)
    __I$use$fp                               0x00001398   Number         0  usenofp.o(x$fpl$usenofp)
    Region$$Table$$Base                      0x000013d8   Number         0  anon$$obj.o(Region$$Table)
    Region$$Table$$Limit                     0x000013f8   Number         0  anon$$obj.o(Region$$Table)
    DIRECTION_flag                           0x1ffff000   Data           1  uart.o(.data.DIRECTION_flag)
    START_flag                               0x1ffff001   Data           1  uart.o(.data.START_flag)
    c                                        0x1ffff003   Data           1  main.o(.data.c)
    __libspace_start                         0x1ffff008   Data          96  libspace.o(.bss)
    __temporary_stack_top$libspace           0x1ffff068   Data           0  libspace.o(.bss)
    TSI_Readings                             0x1ffff06a   Data           2  main.o(.bss.TSI_Readings)
    analog_input                             0x1ffff06c   Data           2  adc.o(.bss.analog_input)
    avg                                      0x1ffff06e   Data           2  main.o(.bss.avg)
    flag                                     0x1ffff074   Data           1  adc.o(.bss.flag)
    flag_100ms                               0x1ffff075   Data           1  clocksettings.o(.bss.flag_100ms)
    flag_1s                                  0x1ffff076   Data           1  clocksettings.o(.bss.flag_1s)
    flag_500ms                               0x1ffff077   Data           1  clocksettings.o(.bss.flag_500ms)
    flag_50ms                                0x1ffff078   Data           1  clocksettings.o(.bss.flag_50ms)
    flag_5s                                  0x1ffff079   Data           1  clocksettings.o(.bss.flag_5s)



==============================================================================

Memory Map of the image

  Image Entry point : 0x00000165

  Load Region LR_1 (Base: 0x00000000, Size: 0x000013fc, Max: 0xffffffff, ABSOLUTE)

    Execution Region ER_RO (Exec base: 0x00000000, Load base: 0x00000000, Size: 0x000013f8, Max: 0xffffffff, ABSOLUTE)

    Exec Addr    Load Addr    Size         Type   Attr      Idx    E Section Name        Object

    0x00000000   0x00000000   0x000000c0   Data   RO          140    RESET               startup_mkl25z4.o
    0x000000c0   0x000000c0   0x00000008   Code   RO          170  * !!!main             c_p.l(__main.o)
    0x000000c8   0x000000c8   0x0000003c   Code   RO          357    !!!scatter          c_p.l(__scatter.o)
    0x00000104   0x00000104   0x0000001a   Code   RO          359    !!handler_copy      c_p.l(__scatter_copy.o)
    0x0000011e   0x0000011e   0x00000002   PAD
    0x00000120   0x00000120   0x0000001c   Code   RO          361    !!handler_zi        c_p.l(__scatter_zi.o)
    0x0000013c   0x0000013c   0x00000002   Code   RO          218    .ARM.Collect$$libinit$$00000000  c_p.l(libinit.o)
    0x0000013e   0x0000013e   0x00000000   Code   RO          232    .ARM.Collect$$libinit$$00000002  c_p.l(libinit2.o)
    0x0000013e   0x0000013e   0x00000000   Code   RO          234    .ARM.Collect$$libinit$$00000004  c_p.l(libinit2.o)
    0x0000013e   0x0000013e   0x00000000   Code   RO          236    .ARM.Collect$$libinit$$00000006  c_p.l(libinit2.o)
    0x0000013e   0x0000013e   0x00000000   Code   RO          239    .ARM.Collect$$libinit$$0000000C  c_p.l(libinit2.o)
    0x0000013e   0x0000013e   0x00000000   Code   RO          241    .ARM.Collect$$libinit$$0000000E  c_p.l(libinit2.o)
    0x0000013e   0x0000013e   0x00000000   Code   RO          243    .ARM.Collect$$libinit$$00000010  c_p.l(libinit2.o)
    0x0000013e   0x0000013e   0x00000000   Code   RO          246    .ARM.Collect$$libinit$$00000013  c_p.l(libinit2.o)
    0x0000013e   0x0000013e   0x00000000   Code   RO          248    .ARM.Collect$$libinit$$00000015  c_p.l(libinit2.o)
    0x0000013e   0x0000013e   0x00000000   Code   RO          250    .ARM.Collect$$libinit$$00000017  c_p.l(libinit2.o)
    0x0000013e   0x0000013e   0x00000000   Code   RO          252    .ARM.Collect$$libinit$$00000019  c_p.l(libinit2.o)
    0x0000013e   0x0000013e   0x00000000   Code   RO          254    .ARM.Collect$$libinit$$0000001B  c_p.l(libinit2.o)
    0x0000013e   0x0000013e   0x00000000   Code   RO          256    .ARM.Collect$$libinit$$0000001D  c_p.l(libinit2.o)
    0x0000013e   0x0000013e   0x00000000   Code   RO          258    .ARM.Collect$$libinit$$0000001F  c_p.l(libinit2.o)
    0x0000013e   0x0000013e   0x00000000   Code   RO          260    .ARM.Collect$$libinit$$00000021  c_p.l(libinit2.o)
    0x0000013e   0x0000013e   0x00000000   Code   RO          262    .ARM.Collect$$libinit$$00000023  c_p.l(libinit2.o)
    0x0000013e   0x0000013e   0x00000000   Code   RO          264    .ARM.Collect$$libinit$$00000025  c_p.l(libinit2.o)
    0x0000013e   0x0000013e   0x00000000   Code   RO          266    .ARM.Collect$$libinit$$00000027  c_p.l(libinit2.o)
    0x0000013e   0x0000013e   0x00000000   Code   RO          270    .ARM.Collect$$libinit$$0000002E  c_p.l(libinit2.o)
    0x0000013e   0x0000013e   0x00000000   Code   RO          272    .ARM.Collect$$libinit$$00000030  c_p.l(libinit2.o)
    0x0000013e   0x0000013e   0x00000000   Code   RO          274    .ARM.Collect$$libinit$$00000032  c_p.l(libinit2.o)
    0x0000013e   0x0000013e   0x00000000   Code   RO          276    .ARM.Collect$$libinit$$00000034  c_p.l(libinit2.o)
    0x0000013e   0x0000013e   0x00000002   Code   RO          277    .ARM.Collect$$libinit$$00000035  c_p.l(libinit2.o)
    0x00000140   0x00000140   0x00000002   Code   RO          312    .ARM.Collect$$libshutdown$$00000000  c_p.l(libshutdown.o)
    0x00000142   0x00000142   0x00000000   Code   RO          340    .ARM.Collect$$libshutdown$$00000002  c_p.l(libshutdown2.o)
    0x00000142   0x00000142   0x00000000   Code   RO          342    .ARM.Collect$$libshutdown$$00000004  c_p.l(libshutdown2.o)
    0x00000142   0x00000142   0x00000000   Code   RO          345    .ARM.Collect$$libshutdown$$00000007  c_p.l(libshutdown2.o)
    0x00000142   0x00000142   0x00000000   Code   RO          348    .ARM.Collect$$libshutdown$$0000000A  c_p.l(libshutdown2.o)
    0x00000142   0x00000142   0x00000000   Code   RO          350    .ARM.Collect$$libshutdown$$0000000C  c_p.l(libshutdown2.o)
    0x00000142   0x00000142   0x00000000   Code   RO          353    .ARM.Collect$$libshutdown$$0000000F  c_p.l(libshutdown2.o)
    0x00000142   0x00000142   0x00000002   Code   RO          354    .ARM.Collect$$libshutdown$$00000010  c_p.l(libshutdown2.o)
    0x00000144   0x00000144   0x00000000   Code   RO          181    .ARM.Collect$$rtentry$$00000000  c_p.l(__rtentry.o)
    0x00000144   0x00000144   0x00000000   Code   RO          188    .ARM.Collect$$rtentry$$00000002  c_p.l(__rtentry2.o)
    0x00000144   0x00000144   0x00000006   Code   RO          200    .ARM.Collect$$rtentry$$00000004  c_p.l(__rtentry4.o)
    0x0000014a   0x0000014a   0x00000000   Code   RO          190    .ARM.Collect$$rtentry$$00000009  c_p.l(__rtentry2.o)
    0x0000014a   0x0000014a   0x00000004   Code   RO          191    .ARM.Collect$$rtentry$$0000000A  c_p.l(__rtentry2.o)
    0x0000014e   0x0000014e   0x00000000   Code   RO          193    .ARM.Collect$$rtentry$$0000000C  c_p.l(__rtentry2.o)
    0x0000014e   0x0000014e   0x00000008   Code   RO          194    .ARM.Collect$$rtentry$$0000000D  c_p.l(__rtentry2.o)
    0x00000156   0x00000156   0x00000002   Code   RO          223    .ARM.Collect$$rtexit$$00000000  c_p.l(rtexit.o)
    0x00000158   0x00000158   0x00000000   Code   RO          283    .ARM.Collect$$rtexit$$00000002  c_p.l(rtexit2.o)
    0x00000158   0x00000158   0x00000004   Code   RO          284    .ARM.Collect$$rtexit$$00000003  c_p.l(rtexit2.o)
    0x0000015c   0x0000015c   0x00000006   Code   RO          285    .ARM.Collect$$rtexit$$00000004  c_p.l(rtexit2.o)
    0x00000162   0x00000162   0x00000002   PAD
    0x00000164   0x00000164   0x00000040   Code   RO          142  * .text               startup_mkl25z4.o
    0x000001a4   0x000001a4   0x0000016c   Code   RO          164    .text               c_p.l(aeabi_sdiv.o)
    0x00000310   0x00000310   0x00000006   Code   RO          168    .text               c_p.l(heapauxi.o)
    0x00000316   0x00000316   0x0000004c   Code   RO          175    .text               fz_ps.l(ffixi.o)
    0x00000362   0x00000362   0x0000005e   Code   RO          177    .text               fz_ps.l(fflti.o)
    0x000003c0   0x000003c0   0x0000003e   Code   RO          204    .text               c_p.l(sys_stackheap_outer.o)
    0x000003fe   0x000003fe   0x00000002   Code   RO          301    .text               c_p.l(use_no_semi.o)
    0x00000400   0x00000400   0x00000010   Code   RO          141    .ARM.__at_0x400     startup_mkl25z4.o
    0x00000410   0x00000410   0x00000160   Code   RO          172    .text               fz_ps.l(fdiv.o)
    0x00000570   0x00000570   0x00000010   Code   RO          207    .text               c_p.l(exit.o)
    0x00000580   0x00000580   0x00000008   Code   RO          219    .text               c_p.l(libspace.o)
    0x00000588   0x00000588   0x0000000c   Code   RO          278    .text               c_p.l(sys_exit.o)
    0x00000594   0x00000594   0x00000000   Code   RO          303    .text               c_p.l(indicate_semi.o)
    0x00000594   0x00000594   0x00000148   Code   RO           42    .text.ADC0_Calibrate  adc.o
    0x000006dc   0x000006dc   0x00000028   Code   RO           48    .text.ADC0_IRQHandler  adc.o
    0x00000704   0x00000704   0x00000060   Code   RO           40    .text.ADC0_Init     adc.o
    0x00000764   0x00000764   0x00000190   Code   RO           30    .text.PIT_IRQHandler  pit.o
    0x000008f4   0x000008f4   0x00000104   Code   RO           80    .text.Signal_Control  pwm.o
    0x000009f8   0x000009f8   0x000000c8   Code   RO           97    .text.SysTick_Handler  clocksettings.o
    0x00000ac0   0x00000ac0   0x0000003c   Code   RO           93    .text.SystemClockTick_Configure  clocksettings.o
    0x00000afc   0x00000afc   0x0000000c   Code   RO          151    .text.SystemInit    system_mkl25z4.o
    0x00000b08   0x00000b08   0x00000060   Code   RO           78    .text.TPM2_Init     pwm.o
    0x00000b68   0x00000b68   0x000000a8   Code   RO          128    .text.TSI0_IRQHandler  tsi.o
    0x00000c10   0x00000c10   0x0000004c   Code   RO          120    .text.TSI_init      tsi.o
    0x00000c5c   0x00000c5c   0x0000007c   Code   RO           67    .text.UART0_IRQHandler  uart.o
    0x00000cd8   0x00000cd8   0x000000d8   Code   RO           63    .text.UART0_Init    uart.o
    0x00000db0   0x00000db0   0x00000028   Code   RO           59    .text.UART0_Transmit  uart.o
    0x00000dd8   0x00000dd8   0x00000028   Code   RO           24    .text.__NVIC_ClearPendingIRQ  pit.o
    0x00000e00   0x00000e00   0x0000002c   Code   RO           44    .text.__NVIC_ClearPendingIRQ  adc.o
    0x00000e2c   0x00000e2c   0x00000028   Code   RO           28    .text.__NVIC_EnableIRQ  pit.o
    0x00000e54   0x00000e54   0x00000028   Code   RO           46    .text.__NVIC_EnableIRQ  adc.o
    0x00000e7c   0x00000e7c   0x00000028   Code   RO           65    .text.__NVIC_EnableIRQ  uart.o
    0x00000ea4   0x00000ea4   0x0000002c   Code   RO          122    .text.__NVIC_EnableIRQ  tsi.o
    0x00000ed0   0x00000ed0   0x0000007c   Code   RO           26    .text.__NVIC_SetPriority  pit.o
    0x00000f4c   0x00000f4c   0x0000007c   Code   RO           95    .text.__NVIC_SetPriority  clocksettings.o
    0x00000fc8   0x00000fc8   0x00000084   Code   RO          124    .text.__NVIC_SetPriority  tsi.o
    0x0000104c   0x0000104c   0x0000009c   Code   RO           14    .text.ledInit       gpio.o
    0x000010e8   0x000010e8   0x0000011c   Code   RO            2    .text.main          main.o
    0x00001204   0x00001204   0x0000008c   Code   RO           22    .text.pitInit       pit.o
    0x00001290   0x00001290   0x00000034   Code   RO          118    .text.scan          tsi.o
    0x000012c4   0x000012c4   0x00000024   Code   RO          116    .text.selectChannel  tsi.o
    0x000012e8   0x000012e8   0x000000b0   Code   RO          179    x$fpl$fmul          fz_ps.l(fmul.o)
    0x00001398   0x00001398   0x00000000   Code   RO          186    x$fpl$usenofp       fz_ps.l(usenofp.o)
    0x00001398   0x00001398   0x00000040   Data   RO          173    .constdata          fz_ps.l(fdiv.o)
    0x000013d8   0x000013d8   0x00000020   Data   RO          356    Region$$Table       anon$$obj.o


    Execution Region ER_RW (Exec base: 0x1ffff000, Load base: 0x000013f8, Size: 0x00000004, Max: 0xffffffff, ABSOLUTE)

    Exec Addr    Load Addr    Size         Type   Attr      Idx    E Section Name        Object

    0x1ffff000   0x000013f8   0x00000001   Data   RW           70    .data.DIRECTION_flag  uart.o
    0x1ffff001   0x000013f9   0x00000001   Data   RW           69    .data.START_flag    uart.o
    0x1ffff002   0x000013fa   0x00000001   Data   RW           83    .data.Signal_Control.increasing  pwm.o
    0x1ffff003   0x000013fb   0x00000001   Data   RW            6    .data.c             main.o


    Execution Region ER_ZI (Exec base: 0x1ffff008, Load base: 0x000013fc, Size: 0x00000180, Max: 0xffffffff, ABSOLUTE)

    Exec Addr    Load Addr    Size         Type   Attr      Idx    E Section Name        Object

    0x1ffff008        -       0x00000060   Zero   RW          220    .bss                c_p.l(libspace.o)
    0x1ffff068        -       0x00000001   Zero   RW           82    .bss.Signal_Control.duty_cycle  pwm.o
    0x1ffff069   0x000013fc   0x00000001   PAD
    0x1ffff06a        -       0x00000002   Zero   RW            5    .bss.TSI_Readings   main.o
    0x1ffff06c        -       0x00000002   Zero   RW           51    .bss.analog_input   adc.o
    0x1ffff06e        -       0x00000002   Zero   RW            4    .bss.avg            main.o
    0x1ffff070        -       0x00000002   Zero   RW           99    .bss.base_tick      clocksettings.o
    0x1ffff072        -       0x00000002   Zero   RW          131    .bss.count          tsi.o
    0x1ffff074        -       0x00000001   Zero   RW           50    .bss.flag           adc.o
    0x1ffff075        -       0x00000001   Zero   RW          102    .bss.flag_100ms     clocksettings.o
    0x1ffff076        -       0x00000001   Zero   RW          106    .bss.flag_1s        clocksettings.o
    0x1ffff077        -       0x00000001   Zero   RW          104    .bss.flag_500ms     clocksettings.o
    0x1ffff078        -       0x00000001   Zero   RW          100    .bss.flag_50ms      clocksettings.o
    0x1ffff079        -       0x00000001   Zero   RW          108    .bss.flag_5s        clocksettings.o
    0x1ffff07a        -       0x00000001   Zero   RW           32    .bss.state          pit.o
    0x1ffff07b   0x000013fc   0x00000001   PAD
    0x1ffff07c        -       0x00000004   Zero   RW          130    .bss.sum            tsi.o
    0x1ffff080        -       0x00000002   Zero   RW          103    .bss.tick_100ms     clocksettings.o
    0x1ffff082        -       0x00000002   Zero   RW          107    .bss.tick_1s        clocksettings.o
    0x1ffff084        -       0x00000002   Zero   RW          105    .bss.tick_500ms     clocksettings.o
    0x1ffff086        -       0x00000002   Zero   RW          101    .bss.tick_50ms      clocksettings.o
    0x1ffff088        -       0x00000000   Zero   RW          139    HEAP                startup_mkl25z4.o
    0x1ffff088        -       0x00000100   Zero   RW          138    STACK               startup_mkl25z4.o


==============================================================================

Image component sizes


      Code (inc. data)   RO Data    RW Data    ZI Data      Debug   Object Name

       548         88          0          0          3       4021   adc.o
       384         56          0          0         15       3495   clocksettings.o
       156         40          0          0          0       1738   gpio.o
       284         32          0          1          4        939   main.o
       744         68          0          0          1       4685   pit.o
       356         60          0          1          1       2340   pwm.o
        80         44        192          0        256        908   startup_mkl25z4.o
        12          4          0          0          0       2573   system_mkl25z4.o
       508         52          0          0          6       4062   tsi.o
       420         68          0          2          0       3897   uart.o

    ----------------------------------------------------------------------
      3492        512        224          4        288      28658   Object Totals
         0          0         32          0          0          0   (incl. Generated)
         0          0          0          0          2          0   (incl. Padding)

    ----------------------------------------------------------------------

      Code (inc. data)   RO Data    RW Data    ZI Data      Debug   Library Member Name

         8          0          0          0          0         68   __main.o
         0          0          0          0          0          0   __rtentry.o
        12          0          0          0          0          0   __rtentry2.o
         6          0          0          0          0          0   __rtentry4.o
        60          8          0          0          0          0   __scatter.o
        26          0          0          0          0          0   __scatter_copy.o
        28          0          0          0          0          0   __scatter_zi.o
       364          4          0          0          0         92   aeabi_sdiv.o
        16          0          0          0          0         68   exit.o
         6          0          0          0          0        136   heapauxi.o
         0          0          0          0          0          0   indicate_semi.o
         2          0          0          0          0          0   libinit.o
         2          0          0          0          0          0   libinit2.o
         2          0          0          0          0          0   libshutdown.o
         2          0          0          0          0          0   libshutdown2.o
         8          4          0          0         96         68   libspace.o
         2          0          0          0          0          0   rtexit.o
        10          0          0          0          0          0   rtexit2.o
        12          4          0          0          0         60   sys_exit.o
        62          0          0          0          0         80   sys_stackheap_outer.o
         2          0          0          0          0         68   use_no_semi.o
       352         10         64          0          0         92   fdiv.o
        76          0          0          0          0         68   ffixi.o
        94          0          0          0          0         92   fflti.o
       176          4          0          0          0         80   fmul.o
         0          0          0          0          0          0   usenofp.o

    ----------------------------------------------------------------------
      1332         34         64          0         96        972   Library Totals
         4          0          0          0          0          0   (incl. Padding)

    ----------------------------------------------------------------------

      Code (inc. data)   RO Data    RW Data    ZI Data      Debug   Library Name

       630         20          0          0         96        640   c_p.l
       698         14         64          0          0        332   fz_ps.l

    ----------------------------------------------------------------------
      1332         34         64          0         96        972   Library Totals

    ----------------------------------------------------------------------

==============================================================================


      Code (inc. data)   RO Data    RW Data    ZI Data      Debug   

      4824        546        288          4        384      29142   Grand Totals
      4824        546        288          4        384      29142   ELF Image Totals
      4824        546        288          4          0          0   ROM Totals

==============================================================================

    Total RO  Size (Code + RO Data)                 5112 (   4.99kB)
    Total RW  Size (RW Data + ZI Data)               388 (   0.38kB)
    Total ROM Size (Code + RO Data + RW Data)       5116 (   5.00kB)

==============================================================================

